Last login: Fri Mar  8 13:23:14 on ttys000
anisbenyoub@acces1674:~$ ./login.sh 
--2013-03-08 14:06:28--  https://securelogin.arubanetworks.com/cgi-bin/login
Résolution de securelogin.arubanetworks.com (securelogin.arubanetworks.com)... 134.214.182.13
Connexion vers securelogin.arubanetworks.com (securelogin.arubanetworks.com)|134.214.182.13|:443...connecté.
AVERTISSEMENT : le certificat de «securelogin.arubanetworks.com» n'est pas digne de confiance.
AVERTISSEMENT : le certificat «securelogin.arubanetworks.com» n'est pas d'un émetteur connu.
Le propriétaire du certificat ne concorde pas avec le nom de l'hôte «securelogin.arubanetworks.com»
requête HTTP transmise, en attente de la réponse...302 Temporarily Moved
Emplacement: ?errmsg=Access denied [suivant]
--2013-03-08 14:06:30--  https://securelogin.arubanetworks.com/cgi-bin/login?errmsg=Access%20denied
Connexion vers securelogin.arubanetworks.com (securelogin.arubanetworks.com)|134.214.182.13|:443...connecté.
AVERTISSEMENT : le certificat de «securelogin.arubanetworks.com» n'est pas digne de confiance.
AVERTISSEMENT : le certificat «securelogin.arubanetworks.com» n'est pas d'un émetteur connu.
Le propriétaire du certificat ne concorde pas avec le nom de l'hôte «securelogin.arubanetworks.com»
requête HTTP transmise, en attente de la réponse...302 Temporarily Moved
Emplacement:  [suivant]
--2013-03-08 14:06:30--  https://securelogin.arubanetworks.com/cgi-bin/login?errmsg=Access%20denied
Connexion vers securelogin.arubanetworks.com (securelogin.arubanetworks.com)|134.214.182.13|:443...connecté.
^C
anisbenyoub@acces1674:~$ ./login.sh 
--2013-03-08 14:53:07--  https://securelogin.arubanetworks.com/cgi-bin/login
Résolution de securelogin.arubanetworks.com (securelogin.arubanetworks.com)... 134.214.182.13
Connexion vers securelogin.arubanetworks.com (securelogin.arubanetworks.com)|134.214.182.13|:443...connecté.
AVERTISSEMENT : le certificat de «securelogin.arubanetworks.com» n'est pas digne de confiance.
AVERTISSEMENT : le certificat «securelogin.arubanetworks.com» n'est pas d'un émetteur connu.
requête HTTP transmise, en attente de la réponse...200 OK
Longueur: non spécifié [text/html]
Sauvegarde en : «/dev/null»

    [ <=>                                                                                                                                   ] 656         --.-K/s   ds 0,001s  

2013-03-08 14:53:08 (1,02 MB/s) - «/dev/null» sauvegardé [656]

anisbenyoub@acces1674:~$ 
Last login: Sun Jan  1 01:01:17 on ttys000
anisbenyoub@Anis:~$ ./login.sh 
--2013-03-08 19:52:32--  https://securelogin.arubanetworks.com/cgi-bin/login
Résolution de securelogin.arubanetworks.com (securelogin.arubanetworks.com)... 134.214.182.13
Connexion vers securelogin.arubanetworks.com (securelogin.arubanetworks.com)|134.214.182.13|:443...connecté.
AVERTISSEMENT : le certificat de «securelogin.arubanetworks.com» n'est pas digne de confiance.
AVERTISSEMENT : le certificat «securelogin.arubanetworks.com» n'est pas d'un émetteur connu.
requête HTTP transmise, en attente de la réponse...200 OK
Longueur: 656 [text/html]
Sauvegarde en : «/dev/null»

100%[======================================================================================================================================>] 656         --.-K/s   ds 0s      

2013-03-08 19:52:35 (10,4 MB/s) - «/dev/null» sauvegardé [656/656]

anisbenyoub@Anis:~$ ./login.sh 
--2013-03-09 15:32:00--  https://securelogin.arubanetworks.com/cgi-bin/login
Résolution de securelogin.arubanetworks.com (securelogin.arubanetworks.com)... 134.214.182.13
Connexion vers securelogin.arubanetworks.com (securelogin.arubanetworks.com)|134.214.182.13|:443...connecté.
AVERTISSEMENT : le certificat de «securelogin.arubanetworks.com» n'est pas digne de confiance.
AVERTISSEMENT : le certificat «securelogin.arubanetworks.com» n'est pas d'un émetteur connu.
requête HTTP transmise, en attente de la réponse...200 OK
Longueur: non spécifié [text/html]
Sauvegarde en : «/dev/null»

    [ <=>                                                                                                                                   ] 656         --.-K/s   ds 0s      

2013-03-09 15:32:01 (2,08 MB/s) - «/dev/null» sauvegardé [656]

anisbenyoub@Anis:~$ ./login.sh 
--2013-03-09 16:36:33--  https://securelogin.arubanetworks.com/cgi-bin/login
Résolution de securelogin.arubanetworks.com (securelogin.arubanetworks.com)... 134.214.182.13
Connexion vers securelogin.arubanetworks.com (securelogin.arubanetworks.com)|134.214.182.13|:443...connecté.
AVERTISSEMENT : le certificat de «securelogin.arubanetworks.com» n'est pas digne de confiance.
AVERTISSEMENT : le certificat «securelogin.arubanetworks.com» n'est pas d'un émetteur connu.
requête HTTP transmise, en attente de la réponse...200 OK
Longueur: 656 [text/html]
Sauvegarde en : «/dev/null»

100%[======================================================================================================================================>] 656         --.-K/s   ds 0s      

2013-03-09 16:36:35 (5,79 MB/s) - «/dev/null» sauvegardé [656/656]

anisbenyoub@Anis:~$ ./login.sh 
--2013-03-11 14:25:13--  https://securelogin.arubanetworks.com/cgi-bin/login
Résolution de securelogin.arubanetworks.com (securelogin.arubanetworks.com)... 134.214.182.13
Connexion vers securelogin.arubanetworks.com (securelogin.arubanetworks.com)|134.214.182.13|:443...connecté.
AVERTISSEMENT : le certificat de «securelogin.arubanetworks.com» n'est pas digne de confiance.
AVERTISSEMENT : le certificat «securelogin.arubanetworks.com» n'est pas d'un émetteur connu.
requête HTTP transmise, en attente de la réponse...200 OK
Longueur: 656 [text/html]
Sauvegarde en : «/dev/null»

100%[======================================================================================================================================>] 656         --.-K/s   ds 0,001s  

2013-03-11 14:25:15 (1,13 MB/s) - «/dev/null» sauvegardé [656/656]

anisbenyoub@Anis:~$ ./login.sh 
--2013-03-11 18:44:11--  https://securelogin.arubanetworks.com/cgi-bin/login
Résolution de securelogin.arubanetworks.com (securelogin.arubanetworks.com)... 134.214.182.13
Connexion vers securelogin.arubanetworks.com (securelogin.arubanetworks.com)|134.214.182.13|:443...connecté.
AVERTISSEMENT : le certificat de «securelogin.arubanetworks.com» n'est pas digne de confiance.
AVERTISSEMENT : le certificat «securelogin.arubanetworks.com» n'est pas d'un émetteur connu.
requête HTTP transmise, en attente de la réponse...200 OK
Longueur: non spécifié [text/html]
Sauvegarde en : «/dev/null»

    [ <=>                                                                                                                                   ] 656         --.-K/s   ds 0,001s  

2013-03-11 18:44:25 (807 KB/s) - «/dev/null» sauvegardé [656]

anisbenyoub@Anis:~$ ./login.sh 
--2013-03-12 13:54:01--  https://securelogin.arubanetworks.com/cgi-bin/login
Résolution de securelogin.arubanetworks.com (securelogin.arubanetworks.com)... 134.214.182.13
Connexion vers securelogin.arubanetworks.com (securelogin.arubanetworks.com)|134.214.182.13|:443...connecté.
AVERTISSEMENT : le certificat de «securelogin.arubanetworks.com» n'est pas digne de confiance.
AVERTISSEMENT : le certificat «securelogin.arubanetworks.com» n'est pas d'un émetteur connu.
requête HTTP transmise, en attente de la réponse...200 OK
Longueur: non spécifié [text/html]
Sauvegarde en : «/dev/null»

    [ <=>                                                                                                                                   ] 656         --.-K/s   ds 0s      

2013-03-12 13:54:18 (1,35 MB/s) - «/dev/null» sauvegardé [656]

anisbenyoub@Anis:~$ 
anisbenyoub@Anis:~$ ./login.sh 
--2013-03-12 17:51:58--  https://securelogin.arubanetworks.com/cgi-bin/login
Résolution de securelogin.arubanetworks.com (securelogin.arubanetworks.com)... 134.214.182.13
Connexion vers securelogin.arubanetworks.com (securelogin.arubanetworks.com)|134.214.182.13|:443...connecté.
AVERTISSEMENT : le certificat de «securelogin.arubanetworks.com» n'est pas digne de confiance.
AVERTISSEMENT : le certificat «securelogin.arubanetworks.com» n'est pas d'un émetteur connu.
requête HTTP transmise, en attente de la réponse...200 OK
Longueur: 656 [text/html]
Sauvegarde en : «/dev/null»

100%[======================================================================================================================================>] 656         --.-K/s   ds 0s      

2013-03-12 17:52:15 (1,56 MB/s) - «/dev/null» sauvegardé [656/656]

anisbenyoub@Anis:~$ 
anisbenyoub@Anis:~$ ./login.sh 
--2013-03-12 17:59:00--  https://securelogin.arubanetworks.com/cgi-bin/login
Résolution de securelogin.arubanetworks.com (securelogin.arubanetworks.com)... échec: nodename nor servname provided, or not known.
wget : impossible de résoudre l'adresse de l'hôte «securelogin.arubanetworks.com»
anisbenyoub@Anis:~$ ./login.sh 
--2013-03-12 18:04:59--  https://securelogin.arubanetworks.com/cgi-bin/login
Résolution de securelogin.arubanetworks.com (securelogin.arubanetworks.com)... 134.214.182.13
Connexion vers securelogin.arubanetworks.com (securelogin.arubanetworks.com)|134.214.182.13|:443...connecté.
AVERTISSEMENT : le certificat de «securelogin.arubanetworks.com» n'est pas digne de confiance.
AVERTISSEMENT : le certificat «securelogin.arubanetworks.com» n'est pas d'un émetteur connu.
Le propriétaire du certificat ne concorde pas avec le nom de l'hôte «securelogin.arubanetworks.com»
requête HTTP transmise, en attente de la réponse...302 Temporarily Moved
Emplacement: ?errmsg=Access denied [suivant]
--2013-03-12 18:05:02--  https://securelogin.arubanetworks.com/cgi-bin/login?errmsg=Access%20denied
Connexion vers securelogin.arubanetworks.com (securelogin.arubanetworks.com)|134.214.182.13|:443...connecté.
AVERTISSEMENT : le certificat de «securelogin.arubanetworks.com» n'est pas digne de confiance.
AVERTISSEMENT : le certificat «securelogin.arubanetworks.com» n'est pas d'un émetteur connu.
Le propriétaire du certificat ne concorde pas avec le nom de l'hôte «securelogin.arubanetworks.com»
requête HTTP transmise, en attente de la réponse...302 Temporarily Moved
Emplacement:  [suivant]
--2013-03-12 18:05:02--  https://securelogin.arubanetworks.com/cgi-bin/login?errmsg=Access%20denied
Connexion vers securelogin.arubanetworks.com (securelogin.arubanetworks.com)|134.214.182.13|:443...connecté.
AVERTISSEMENT : le certificat de «securelogin.arubanetworks.com» n'est pas digne de confiance.
AVERTISSEMENT : le certificat «securelogin.arubanetworks.com» n'est pas d'un émetteur connu.
Le propriétaire du certificat ne concorde pas avec le nom de l'hôte «securelogin.arubanetworks.com»
requête HTTP transmise, en attente de la réponse...302 Temporarily Moved
Emplacement:  [suivant]
--2013-03-12 18:05:03--  https://securelogin.arubanetworks.com/cgi-bin/login?errmsg=Access%20denied
Connexion vers securelogin.arubanetworks.com (securelogin.arubanetworks.com)|134.214.182.13|:443...connecté.
^C
anisbenyoub@Anis:~$ ./login.sh 
--2013-03-13 17:14:42--  https://securelogin.arubanetworks.com/cgi-bin/login
Résolution de securelogin.arubanetworks.com (securelogin.arubanetworks.com)... 134.214.182.13
Connexion vers securelogin.arubanetworks.com (securelogin.arubanetworks.com)|134.214.182.13|:443...connecté.
AVERTISSEMENT : le certificat de «securelogin.arubanetworks.com» n'est pas digne de confiance.
AVERTISSEMENT : le certificat «securelogin.arubanetworks.com» n'est pas d'un émetteur connu.
requête HTTP transmise, en attente de la réponse...200 OK
Longueur: non spécifié [text/html]
Sauvegarde en : «/dev/null»

    [ <=>                                                                                                                                   ] 656         --.-K/s   ds 0s      

2013-03-13 17:14:43 (1,28 MB/s) - «/dev/null» sauvegardé [656]

anisbenyoub@Anis:~$ ./login.sh 
--2013-03-14 05:47:18--  https://securelogin.arubanetworks.com/cgi-bin/login
Résolution de securelogin.arubanetworks.com (securelogin.arubanetworks.com)... 134.214.182.13
Connexion vers securelogin.arubanetworks.com (securelogin.arubanetworks.com)|134.214.182.13|:443...connecté.
AVERTISSEMENT : le certificat de «securelogin.arubanetworks.com» n'est pas digne de confiance.
AVERTISSEMENT : le certificat «securelogin.arubanetworks.com» n'est pas d'un émetteur connu.
Le propriétaire du certificat ne concorde pas avec le nom de l'hôte «securelogin.arubanetworks.com»
requête HTTP transmise, en attente de la réponse...302 Temporarily Moved
Emplacement: ?errmsg=Access denied [suivant]
--2013-03-14 05:47:20--  https://securelogin.arubanetworks.com/cgi-bin/login?errmsg=Access%20denied
Connexion vers securelogin.arubanetworks.com (securelogin.arubanetworks.com)|134.214.182.13|:443...connecté.
AVERTISSEMENT : le certificat de «securelogin.arubanetworks.com» n'est pas digne de confiance.
AVERTISSEMENT : le certificat «securelogin.arubanetworks.com» n'est pas d'un émetteur connu.
Le propriétaire du certificat ne concorde pas avec le nom de l'hôte «securelogin.arubanetworks.com»
requête HTTP transmise, en attente de la réponse...302 Temporarily Moved
Emplacement:  [suivant]
--2013-03-14 05:47:20--  https://securelogin.arubanetworks.com/cgi-bin/login?errmsg=Access%20denied
Connexion vers securelogin.arubanetworks.com (securelogin.arubanetworks.com)|134.214.182.13|:443...connecté.
AVERTISSEMENT : le certificat de «securelogin.arubanetworks.com» n'est pas digne de confiance.
AVERTISSEMENT : le certificat «securelogin.arubanetworks.com» n'est pas d'un émetteur connu.
Le propriétaire du certificat ne concorde pas avec le nom de l'hôte «securelogin.arubanetworks.com»
requête HTTP transmise, en attente de la réponse...302 Temporarily Moved
Emplacement:  [suivant]
--2013-03-14 05:47:21--  https://securelogin.arubanetworks.com/cgi-bin/login?errmsg=Access%20denied
Connexion vers securelogin.arubanetworks.com (securelogin.arubanetworks.com)|134.214.182.13|:443...connecté.
AVERTISSEMENT : le certificat de «securelogin.arubanetworks.com» n'est pas digne de confiance.
AVERTISSEMENT : le certificat «securelogin.arubanetworks.com» n'est pas d'un émetteur connu.
Le propriétaire du certificat ne concorde pas avec le nom de l'hôte «securelogin.arubanetworks.com»
requête HTTP transmise, en attente de la réponse...302 Temporarily Moved
Emplacement:  [suivant]
--2013-03-14 05:47:21--  https://securelogin.arubanetworks.com/cgi-bin/login?errmsg=Access%20denied
Connexion vers securelogin.arubanetworks.com (securelogin.arubanetworks.com)|134.214.182.13|:443...connecté.
AVERTISSEMENT : le certificat de «securelogin.arubanetworks.com» n'est pas digne de confiance.
AVERTISSEMENT : le certificat «securelogin.arubanetworks.com» n'est pas d'un émetteur connu.
Le propriétaire du certificat ne concorde pas avec le nom de l'hôte «securelogin.arubanetworks.com»
requête HTTP transmise, en attente de la réponse...302 Temporarily Moved
Emplacement:  [suivant]
--2013-03-14 05:47:21--  https://securelogin.arubanetworks.com/cgi-bin/login?errmsg=Access%20denied
Connexion vers securelogin.arubanetworks.com (securelogin.arubanetworks.com)|134.214.182.13|:443...connecté.
AVERTISSEMENT : le certificat de «securelogin.arubanetworks.com» n'est pas digne de confiance.
AVERTISSEMENT : le certificat «securelogin.arubanetworks.com» n'est pas d'un émetteur connu.
Le propriétaire du certificat ne concorde pas avec le nom de l'hôte «securelogin.arubanetworks.com»
requête HTTP transmise, en attente de la réponse...302 Temporarily Moved
Emplacement:  [suivant]
--2013-03-14 05:47:21--  https://securelogin.arubanetworks.com/cgi-bin/login?errmsg=Access%20denied
Connexion vers securelogin.arubanetworks.com (securelogin.arubanetworks.com)|134.214.182.13|:443...connecté.
AVERTISSEMENT : le certificat de «securelogin.arubanetworks.com» n'est pas digne de confiance.
AVERTISSEMENT : le certificat «securelogin.arubanetworks.com» n'est pas d'un émetteur connu.
Le propriétaire du certificat ne concorde pas avec le nom de l'hôte «securelogin.arubanetworks.com»
requête HTTP transmise, en attente de la réponse...302 Temporarily Moved
Emplacement:  [suivant]
--2013-03-14 05:47:22--  https://securelogin.arubanetworks.com/cgi-bin/login?errmsg=Access%20denied
Connexion vers securelogin.arubanetworks.com (securelogin.arubanetworks.com)|134.214.182.13|:443...connecté.
AVERTISSEMENT : le certificat de «securelogin.arubanetworks.com» n'est pas digne de confiance.
AVERTISSEMENT : le certificat «securelogin.arubanetworks.com» n'est pas d'un émetteur connu.
Le propriétaire du certificat ne concorde pas avec le nom de l'hôte «securelogin.arubanetworks.com»
requête HTTP transmise, en attente de la réponse...302 Temporarily Moved
Emplacement:  [suivant]
--2013-03-14 05:47:22--  https://securelogin.arubanetworks.com/cgi-bin/login?errmsg=Access%20denied
Connexion vers securelogin.arubanetworks.com (securelogin.arubanetworks.com)|134.214.182.13|:443...connecté.
AVERTISSEMENT : le certificat de «securelogin.arubanetworks.com» n'est pas digne de confiance.
AVERTISSEMENT : le certificat «securelogin.arubanetworks.com» n'est pas d'un émetteur connu.
Le propriétaire du certificat ne concorde pas avec le nom de l'hôte «securelogin.arubanetworks.com»
requête HTTP transmise, en attente de la réponse...302 Temporarily Moved
Emplacement:  [suivant]
--2013-03-14 05:47:23--  https://securelogin.arubanetworks.com/cgi-bin/login?errmsg=Access%20denied
Connexion vers securelogin.arubanetworks.com (securelogin.arubanetworks.com)|134.214.182.13|:443...connecté.
^C
anisbenyoub@Anis:~$ ./login.sh 
--2013-03-14 08:05:44--  https://securelogin.arubanetworks.com/cgi-bin/login
Résolution de securelogin.arubanetworks.com (securelogin.arubanetworks.com)... 134.214.182.13
Connexion vers securelogin.arubanetworks.com (securelogin.arubanetworks.com)|134.214.182.13|:443...connecté.
AVERTISSEMENT : le certificat de «securelogin.arubanetworks.com» n'est pas digne de confiance.
AVERTISSEMENT : le certificat «securelogin.arubanetworks.com» n'est pas d'un émetteur connu.
requête HTTP transmise, en attente de la réponse...200 OK
Longueur: 656 [text/html]
Sauvegarde en : «/dev/null»

100%[======================================================================================================================================>] 656         --.-K/s   ds 0s      

2013-03-14 08:05:45 (3,02 MB/s) - «/dev/null» sauvegardé [656/656]

anisbenyoub@Anis:~$ ./login.sh 
--2013-03-14 12:42:54--  https://securelogin.arubanetworks.com/cgi-bin/login
Résolution de securelogin.arubanetworks.com (securelogin.arubanetworks.com)... 134.214.182.13
Connexion vers securelogin.arubanetworks.com (securelogin.arubanetworks.com)|134.214.182.13|:443...connecté.
AVERTISSEMENT : le certificat de «securelogin.arubanetworks.com» n'est pas digne de confiance.
AVERTISSEMENT : le certificat «securelogin.arubanetworks.com» n'est pas d'un émetteur connu.
requête HTTP transmise, en attente de la réponse...200 OK
Longueur: 656 [text/html]
Sauvegarde en : «/dev/null»

100%[======================================================================================================================================>] 656         --.-K/s   ds 0s      

2013-03-14 12:43:06 (5,39 MB/s) - «/dev/null» sauvegardé [656/656]

anisbenyoub@Anis:~$ ./login.sh 
--2013-03-14 20:24:41--  https://securelogin.arubanetworks.com/cgi-bin/login
Résolution de securelogin.arubanetworks.com (securelogin.arubanetworks.com)... échec: nodename nor servname provided, or not known.
wget : impossible de résoudre l'adresse de l'hôte «securelogin.arubanetworks.com»
anisbenyoub@Anis:~$ ./login.sh 
--2013-03-14 20:25:10--  https://securelogin.arubanetworks.com/cgi-bin/login
Résolution de securelogin.arubanetworks.com (securelogin.arubanetworks.com)... échec: nodename nor servname provided, or not known.
wget : impossible de résoudre l'adresse de l'hôte «securelogin.arubanetworks.com»
anisbenyoub@Anis:~$ ./login.sh 
--2013-03-14 20:25:12--  https://securelogin.arubanetworks.com/cgi-bin/login
Résolution de securelogin.arubanetworks.com (securelogin.arubanetworks.com)... 134.214.182.13
Connexion vers securelogin.arubanetworks.com (securelogin.arubanetworks.com)|134.214.182.13|:443...connecté.
AVERTISSEMENT : le certificat de «securelogin.arubanetworks.com» n'est pas digne de confiance.
AVERTISSEMENT : le certificat «securelogin.arubanetworks.com» n'est pas d'un émetteur connu.
requête HTTP transmise, en attente de la réponse...200 OK
Longueur: non spécifié [text/html]
Sauvegarde en : «/dev/null»

    [ <=>                                                                                                                                   ] 656         --.-K/s   ds 0s      

2013-03-14 20:25:14 (4,60 MB/s) - «/dev/null» sauvegardé [656]

anisbenyoub@Anis:~$ ls
Applications         Downloads            Movies               Public               dgtalscenei          myset-export.svg     scriptLogin.txt      untitled.3ds
CV-Ink.svg           Dropbox              Music                ScreenShot.png       disk-set.svg         newScene.scene       simpleSet-color.svg  wget-log
Desktop              Exo                  NetBeansProjects     VirtualBox VMs       fw.projetghome       ogre.cfg             simpleSet-grid.svg
Desktop.txt          Library              Ogre.log             WindowsSupport       login.sh             scene.scene          simpleSet-paving.svg
Documents            LowLevelOgre.log     Pictures             boost                login.sh~            scene.wrl            test.scene
anisbenyoub@Anis:~$ cd Documents/Cours/G
GL/              Gestion de prod/ 
anisbenyoub@Anis:~$ cd Documents/Cours/GL/
.DS_Store                                  AnalyseurXML/                              Graph1.dot                                 TD Preparation au projet de GL 08:03:2013
AnalyseurDTD/                              GL-XML/                                    TD GL - 22:02:2013.txt                     
anisbenyoub@Anis:~$ cd Documents/Cours/GL/GL-XML/
anisbenyoub@Anis:~/Documents/Cours/GL/GL-XML$ ls
README.md      guide_de_style ressources     src
anisbenyoub@Anis:~/Documents/Cours/GL/GL-XML$ git pull
Already up-to-date.
anisbenyoub@Anis:~/Documents/Cours/GL/GL-XML$ cd src/
anisbenyoub@Anis:~/Documents/Cours/GL/GL-XML/src$ ls
attribut.cpp attribut.h   content.h    document.cpp document.h   element.cpp  element.h    misc.cpp     misc.h       pcdata.cpp   pcdata.h
anisbenyoub@Anis:~/Documents/Cours/GL/GL-XML/src$ mkdir xml
anisbenyoub@Anis:~/Documents/Cours/GL/GL-XML/src$ mkdir dtd
anisbenyoub@Anis:~/Documents/Cours/GL/GL-XML/src$ git add./*
git: 'add./*' is not a git command. See 'git --help'.
anisbenyoub@Anis:~/Documents/Cours/GL/GL-XML/src$ git add ./*
anisbenyoub@Anis:~/Documents/Cours/GL/GL-XML/src$ git commit -m "adding classes and moving files"
[master ed69191] adding classes and moving files
 15 files changed, 369 insertions(+), 0 deletions(-)
 create mode 100644 src/dtd/.DS_Store
 create mode 100644 src/dtd/pcdata.cpp
 create mode 100644 src/dtd/pcdata.h
 create mode 100644 src/xml/attribut.cpp
 create mode 100644 src/xml/attribut.h
 create mode 100644 src/xml/content.cpp
 create mode 100644 src/xml/content.h
 create mode 100644 src/xml/documentxml.cpp
 create mode 100644 src/xml/documentxml.h
 create mode 100644 src/xml/element.cpp
 create mode 100644 src/xml/element.h
 create mode 100644 src/xml/misc.cpp
 create mode 100644 src/xml/misc.h
 create mode 100644 src/xml/text.cpp
 create mode 100644 src/xml/text.h
anisbenyoub@Anis:~/Documents/Cours/GL/GL-XML/src$ git push
Username: 
Password: 
Counting objects: 14, done.
Delta compression using up to 8 threads.
Compressing objects: 100% (12/12), done.
Writing objects: 100% (12/12), 2.56 KiB, done.
Total 12 (delta 4), reused 0 (delta 0)
To https://github.com/AnisB/GL-XML.git
   02a42b0..ed69191  master -> master
anisbenyoub@Anis:~/Documents/Cours/GL/GL-XML/src$ git pull
Already up-to-date.
anisbenyoub@Anis:~/Documents/Cours/GL/GL-XML/src$ cd ..
anisbenyoub@Anis:~/Documents/Cours/GL/GL-XML$ git add CMakeLists.txt 
anisbenyoub@Anis:~/Documents/Cours/GL/GL-XML$ ls
CMakeLists.txt README.md      cmake          guide_de_style ressources     src
anisbenyoub@Anis:~/Documents/Cours/GL/GL-XML$ ls
CMakeLists.txt README.md      cmake          guide_de_style ressources     src
anisbenyoub@Anis:~/Documents/Cours/GL/GL-XML$ git add other/
anisbenyoub@Anis:~/Documents/Cours/GL/GL-XML$ git add other/*
anisbenyoub@Anis:~/Documents/Cours/GL/GL-XML$ git commit -m "Basic stuff"
[master 2f05ce2] Basic stuff
 3 files changed, 121 insertions(+), 0 deletions(-)
 create mode 100644 CMakeLists.txt
 create mode 100644 other/sample.cpp
 create mode 100644 other/sample.h
anisbenyoub@Anis:~/Documents/Cours/GL/GL-XML$ git push
Username: 
Password: 
Counting objects: 5, done.
Delta compression using up to 8 threads.
Compressing objects: 100% (4/4), done.
Writing objects: 100% (4/4), 878 bytes, done.
Total 4 (delta 1), reused 0 (delta 0)
To https://github.com/AnisB/GL-XML.git
   ed69191..2f05ce2  master -> master
anisbenyoub@Anis:~/Documents/Cours/GL/GL-XML$ git pull
Already up-to-date.
anisbenyoub@Anis:~/Documents/Cours/GL/GL-XML$ ls
CMakeLists.txt README.md      cmake          other          ressources     src
anisbenyoub@Anis:~/Documents/Cours/GL/GL-XML$ ls
CMakeLists.txt README.md      cmake          other          ressources     src
anisbenyoub@Anis:~/Documents/Cours/GL/GL-XML$ mkdir build
anisbenyoub@Anis:~/Documents/Cours/GL/GL-XML$ cd build/
anisbenyoub@Anis:~/Documents/Cours/GL/GL-XML/build$ cmake ..
-- The C compiler identification is GNU 4.2.1
-- The CXX compiler identification is Clang 3.1.0
-- Checking whether C compiler has -isysroot
-- Checking whether C compiler has -isysroot - yes
-- Checking whether C compiler supports OSX deployment target flag
-- Checking whether C compiler supports OSX deployment target flag - yes
-- Check for working C compiler: /usr/bin/gcc
-- Check for working C compiler: /usr/bin/gcc -- works
-- Detecting C compiler ABI info
-- Detecting C compiler ABI info - done
-- Check for working CXX compiler: /usr/bin/c++
-- Check for working CXX compiler: /usr/bin/c++ -- works
-- Detecting CXX compiler ABI info
-- Detecting CXX compiler ABI info - done
-- /Users/anisbenyoub/Documents/Cours/GL/GL-XML/CMake/;
-- Looking for boost
CMake Error at CMakeLists.txt:14 (endif):
  endif An ENDIF command was found outside of a proper IF ENDIF structure.
  Or its arguments did not match the opening IF command.


CMake Error at CMakeLists.txt:34 (add_executable):
  add_executable called with incorrect number of arguments


-- Configuring incomplete, errors occurred!
anisbenyoub@Anis:~/Documents/Cours/GL/GL-XML/build$ cmake ..
-- /Users/anisbenyoub/Documents/Cours/GL/GL-XML/CMake/;
-- Looking for boost
CMake Error at CMakeLists.txt:33 (add_executable):
  add_executable called with incorrect number of arguments


-- Configuring incomplete, errors occurred!
anisbenyoub@Anis:~/Documents/Cours/GL/GL-XML/build$ cmake ..
-- /Users/anisbenyoub/Documents/Cours/GL/GL-XML/CMake/;
-- Looking for boost
-- Configuring done
-- Generating done
-- Build files have been written to: /Users/anisbenyoub/Documents/Cours/GL/GL-XML/build
anisbenyoub@Anis:~/Documents/Cours/GL/GL-XML/build$ ls
CMakeCache.txt      CMakeFiles          Makefile            cmake_install.cmake
anisbenyoub@Anis:~/Documents/Cours/GL/GL-XML/build$ make
anisbenyoub@Anis:~/Documents/Cours/GL/GL-XML/build$ ls
CMakeCache.txt      CMakeFiles          Makefile            cmake_install.cmake
anisbenyoub@Anis:~/Documents/Cours/GL/GL-XML/build$ cd ..
anisbenyoub@Anis:~/Documents/Cours/GL/GL-XML$ git commit -am "files"
[master 4e876f4] files
 20 files changed, 68 insertions(+), 433 deletions(-)
 delete mode 100644 guide_de_style/guide_de_style_cpp
 delete mode 100644 guide_de_style/guide_de_style_h
 delete mode 100644 src/Document.cpp
 delete mode 100644 src/attribut.cpp
 delete mode 100644 src/attribut.h
 delete mode 100644 src/content.h
 delete mode 100644 src/document.cpp
 delete mode 100644 src/document.h
 delete mode 100644 src/dtd/pcdata.cpp
 delete mode 100644 src/dtd/pcdata.h
 delete mode 100644 src/element.cpp
 delete mode 100644 src/element.h
 delete mode 100644 src/misc.cpp
 delete mode 100644 src/misc.h
 delete mode 100644 src/pcdata.cpp
 delete mode 100644 src/pcdata.h
 delete mode 100644 src/xml/text.cpp
 delete mode 100644 src/xml/text.h
anisbenyoub@Anis:~/Documents/Cours/GL/GL-XML$ git push
Username: 
Password: 
Counting objects: 15, done.
Delta compression using up to 8 threads.
Compressing objects: 100% (7/7), done.
Writing objects: 100% (8/8), 1.21 KiB, done.
Total 8 (delta 3), reused 0 (delta 0)
To https://github.com/AnisB/GL-XML.git
   2f05ce2..4e876f4  master -> master
anisbenyoub@Anis:~/Documents/Cours/GL/GL-XML$ ls
CMakeLists.txt README.md      build          cmake          other          program        ressources     src            test
anisbenyoub@Anis:~/Documents/Cours/GL/GL-XML$ git add src/xml/*
anisbenyoub@Anis:~/Documents/Cours/GL/GL-XML$ git commit -am "adding pcdata"
[master 7378856] adding pcdata
 2 files changed, 35 insertions(+), 0 deletions(-)
 create mode 100644 src/xml/pcdata.cpp
 create mode 100644 src/xml/pcdata.h
anisbenyoub@Anis:~/Documents/Cours/GL/GL-XML$ git push
Username: 
Password: 
Counting objects: 9, done.
Delta compression using up to 8 threads.
Compressing objects: 100% (6/6), done.
Writing objects: 100% (6/6), 676 bytes, done.
Total 6 (delta 2), reused 0 (delta 0)
To https://github.com/AnisB/GL-XML.git
   4e876f4..7378856  master -> master
anisbenyoub@Anis:~/Documents/Cours/GL/GL-XML$ git add src/
.DS_Store  dtd/       xml/       
anisbenyoub@Anis:~/Documents/Cours/GL/GL-XML$ git add src/dtd/*
anisbenyoub@Anis:~/Documents/Cours/GL/GL-XML$ git add other/*
anisbenyoub@Anis:~/Documents/Cours/GL/GL-XML$ git commit -m "Addin DTD files"
[master 7eb241d] Addin DTD files
 10 files changed, 731 insertions(+), 0 deletions(-)
 create mode 100644 src/dtd/any.cpp
 create mode 100644 src/dtd/any.h
 create mode 100644 src/dtd/content.cpp
 create mode 100644 src/dtd/content.h
 create mode 100644 src/dtd/empty.cpp
 create mode 100644 src/dtd/empty.h
 create mode 100644 src/dtd/multipleelement.cpp
 create mode 100644 src/dtd/multipleelement.h
 create mode 100644 src/dtd/uniqueelement.cpp
 create mode 100644 src/dtd/uniqueelement.h
anisbenyoub@Anis:~/Documents/Cours/GL/GL-XML$ git push
Username: 
Password: 
Counting objects: 17, done.
Delta compression using up to 8 threads.
Compressing objects: 100% (14/14), done.
Writing objects: 100% (14/14), 2.68 KiB, done.
Total 14 (delta 10), reused 0 (delta 0)
To https://github.com/AnisB/GL-XML.git
   7378856..7eb241d  master -> master
anisbenyoub@Anis:~/Documents/Cours/GL/GL-XML$ git pull
Already up-to-date.
anisbenyoub@Anis:~/Documents/Cours/GL/GL-XML$ cd build/
anisbenyoub@Anis:~/Documents/Cours/GL/GL-XML/build$ rm -rf *
anisbenyoub@Anis:~/Documents/Cours/GL/GL-XML/build$ ls
anisbenyoub@Anis:~/Documents/Cours/GL/GL-XML/build$ cmake ..
-- The C compiler identification is GNU 4.2.1
-- The CXX compiler identification is Clang 3.1.0
-- Checking whether C compiler has -isysroot
-- Checking whether C compiler has -isysroot - yes
-- Checking whether C compiler supports OSX deployment target flag
-- Checking whether C compiler supports OSX deployment target flag - yes
-- Check for working C compiler: /usr/bin/gcc
-- Check for working C compiler: /usr/bin/gcc -- works
-- Detecting C compiler ABI info
-- Detecting C compiler ABI info - done
-- Check for working CXX compiler: /usr/bin/c++
-- Check for working CXX compiler: /usr/bin/c++ -- works
-- Detecting CXX compiler ABI info
-- Detecting CXX compiler ABI info - done
CMake Error at CMakeLists.txt:19 (INCLUDE):
  include could not find load file:

    /Users/anisbenyoub/Documents/Cours/GL/GL-XML/cmake/Common.cmake


-- Boost version: 1.50.0
-- Found the following Boost libraries:
--   program_options
--   system
-- Boost and boost components found.
CMake Error: Error in cmake code at
/Users/anisbenyoub/Documents/Cours/GL/GL-XML/test/CMakeLists.txt:19:
Parse error.  Expected a command name, got unquoted argument with text "--add_subdirectory".
-- Configuring incomplete, errors occurred!
anisbenyoub@Anis:~/Documents/Cours/GL/GL-XML/build$ cmake ..
-- Boost and boost components found.
CMake Error: Error in cmake code at
/Users/anisbenyoub/Documents/Cours/GL/GL-XML/test/CMakeLists.txt:19:
Parse error.  Expected a command name, got unquoted argument with text "--add_subdirectory".
-- Configuring incomplete, errors occurred!
anisbenyoub@Anis:~/Documents/Cours/GL/GL-XML/build$ cmake ..
-- Boost and boost components found.
CMake Error at test/CMakeLists.txt:18 (add_subdirectory):
  add_subdirectory given source "dtdsample" which is not an existing
  directory.


-- Configuring incomplete, errors occurred!
anisbenyoub@Anis:~/Documents/Cours/GL/GL-XML/build$ cmake ..
-- Boost and boost components found.
-- Configuring done
CMake Error at test/xmlsample/CMakeLists.txt:1 (add_executable):
  Cannot find source file:

    xmlsample.cpp

  Tried extensions .c .C .c++ .cc .cpp .cxx .m .M .mm .h .hh .h++ .hm .hpp
  .hxx .in .txx


-- Build files have been written to: /Users/anisbenyoub/Documents/Cours/GL/GL-XML/build
anisbenyoub@Anis:~/Documents/Cours/GL/GL-XML/build$ cmake ..
-- Boost and boost components found.
-- Configuring done
-- Generating done
-- Build files have been written to: /Users/anisbenyoub/Documents/Cours/GL/GL-XML/build
anisbenyoub@Anis:~/Documents/Cours/GL/GL-XML/build$ make
Scanning dependencies of target xmlsample
[100%] Building CXX object test/xmlsample/CMakeFiles/xmlsample.dir/xmlsample.cpp.o
Linking CXX executable xmlsample
[100%] Built target xmlsample
anisbenyoub@Anis:~/Documents/Cours/GL/GL-XML/build$ ls
CMakeCache.txt      CMakeFiles          Makefile            cmake_install.cmake test
anisbenyoub@Anis:~/Documents/Cours/GL/GL-XML/build$ cd ..
anisbenyoub@Anis:~/Documents/Cours/GL/GL-XML$ git add ./*
The following paths are ignored by one of your .gitignore files:
build
Use -f if you really want to add them.
fatal: no files added
anisbenyoub@Anis:~/Documents/Cours/GL/GL-XML$ git add test/*
anisbenyoub@Anis:~/Documents/Cours/GL/GL-XML$ git add cmake/*
anisbenyoub@Anis:~/Documents/Cours/GL/GL-XML$ ls
CMakeLists.txt README.md      build          cmake          other          program        ressources     src            test
anisbenyoub@Anis:~/Documents/Cours/GL/GL-XML$ git add program/*
fatal: pathspec 'program/*' did not match any files
anisbenyoub@Anis:~/Documents/Cours/GL/GL-XML$ git add src/*
anisbenyoub@Anis:~/Documents/Cours/GL/GL-XML$ git commit -am "structuring the cmake tree"
[master e9ed520] structuring the cmake tree
 7 files changed, 82 insertions(+), 33 deletions(-)
 rewrite CMakeLists.txt (99%)
 create mode 100644 cmake/CheckDependencies.cmake
 create mode 100644 src/xml/.DS_Store
 create mode 100644 test/CMakeLists.txt
 create mode 100644 test/xmlsample/CMakeLists.txt
 create mode 100644 test/xmlsample/xmlsample.cpp
anisbenyoub@Anis:~/Documents/Cours/GL/GL-XML$ git push
Username: 
Password: 
To https://github.com/AnisB/GL-XML.git
 ! [rejected]        master -> master (non-fast-forward)
error: failed to push some refs to 'https://github.com/AnisB/GL-XML.git'
To prevent you from losing history, non-fast-forward updates were rejected
Merge the remote changes (e.g. 'git pull') before pushing again.  See the
'Note about fast-forwards' section of 'git push --help' for details.
anisbenyoub@Anis:~/Documents/Cours/GL/GL-XML$ git pull
remote: Counting objects: 41, done.
remote: Compressing objects: 100% (11/11), done.
remote: Total 24 (delta 14), reused 23 (delta 13)
Unpacking objects: 100% (24/24), done.
From https://github.com/AnisB/GL-XML
   7eb241d..9a2d44b  master     -> origin/master
Merge made by the 'recursive' strategy.
 ressources/AnalyseurDTD/dtd.l    |    2 +-
 ressources/AnalyseurDTD/makefile |    6 +++---
 ressources/AnalyseurXML/makefile |    6 +++---
 ressources/AnalyseurXML/xml.l    |    4 ++--
 ressources/AnalyseurXML/xml.y    |   17 ++++++++++-------
 src/xml/attribut.h               |   15 ++++++++++++++-
 6 files changed, 33 insertions(+), 17 deletions(-)
anisbenyoub@Anis:~/Documents/Cours/GL/GL-XML$ git push
Username: 
Password: 
Counting objects: 25, done.
Delta compression using up to 8 threads.
Compressing objects: 100% (16/16), done.
Writing objects: 100% (17/17), 2.39 KiB, done.
Total 17 (delta 3), reused 0 (delta 0)
To https://github.com/AnisB/GL-XML.git
   9a2d44b..3f7585b  master -> master
anisbenyoub@Anis:~/Documents/Cours/GL/GL-XML$ ls
CMakeLists.txt README.md      build          cmake          other          program        ressources     src            test
anisbenyoub@Anis:~/Documents/Cours/GL/GL-XML$ git pll
git: 'pll' is not a git command. See 'git --help'.

Did you mean this?
	pull
anisbenyoub@Anis:~/Documents/Cours/GL/GL-XML$ gpl
-bash: gpl: command not found
anisbenyoub@Anis:~/Documents/Cours/GL/GL-XML$ bash
anisbenyoub@eduroinsa176:~/Documents/Cours/GL/GL-XML$ gpl
remote: Counting objects: 27, done.
remote: Compressing objects: 100% (6/6), done.
remote: Total 16 (delta 9), reused 16 (delta 9)
Unpacking objects: 100% (16/16), done.
From https://github.com/AnisB/GL-XML
   3f7585b..8941a08  master     -> origin/master
Updating 3f7585b..8941a08
Fast-forward
 programs/Analyse syntaxique/main.c   |   18 ++++++++++++++++++
 programs/Analyse syntaxique/makefile |    1 +
 ressources/AnalyseurDTD/dtd.l        |    2 +-
 ressources/AnalyseurDTD/dtd.y        |   12 ++++++------
 ressources/AnalyseurDTD/makefile     |    2 +-
 ressources/AnalyseurXML/makefile     |    2 +-
 ressources/AnalyseurXML/xml.l        |    2 +-
 ressources/AnalyseurXML/xml.y        |   14 +++++++-------
 8 files changed, 36 insertions(+), 17 deletions(-)
 create mode 100644 programs/Analyse syntaxique/main.c
 create mode 100644 programs/Analyse syntaxique/makefile
anisbenyoub@eduroinsa176:~/Documents/Cours/GL/GL-XML$ cd build/
anisbenyoub@eduroinsa176:~/Documents/Cours/GL/GL-XML/build$ make
Scanning dependencies of target xmlsample
[100%] Building CXX object test/xmlsample/CMakeFiles/xmlsample.dir/xmlsample.cpp.o
/Users/anisbenyoub/Documents/Cours/GL/GL-XML/test/xmlsample/xmlsample.cpp:2:10: fatal error: 'xml/pcdata.h' file not found
#include "xml/pcdata.h"
         ^
1 error generated.
make[2]: *** [test/xmlsample/CMakeFiles/xmlsample.dir/xmlsample.cpp.o] Error 1
make[1]: *** [test/xmlsample/CMakeFiles/xmlsample.dir/all] Error 2
make: *** [all] Error 2
anisbenyoub@eduroinsa176:~/Documents/Cours/GL/GL-XML/build$ cmake ..
-- Boost and boost components found.
-- Configuring done
-- Generating done
-- Build files have been written to: /Users/anisbenyoub/Documents/Cours/GL/GL-XML/build
anisbenyoub@eduroinsa176:~/Documents/Cours/GL/GL-XML/build$ ls
CMakeCache.txt		CMakeFiles		Makefile		cmake_install.cmake	test
anisbenyoub@eduroinsa176:~/Documents/Cours/GL/GL-XML/build$ make
[100%] Building CXX object test/xmlsample/CMakeFiles/xmlsample.dir/xmlsample.cpp.o
/Users/anisbenyoub/Documents/Cours/GL/GL-XML/test/xmlsample/xmlsample.cpp:2:10: fatal error: 'xml/pcdata.h' file not found
#include "xml/pcdata.h"
         ^
1 error generated.
make[2]: *** [test/xmlsample/CMakeFiles/xmlsample.dir/xmlsample.cpp.o] Error 1
make[1]: *** [test/xmlsample/CMakeFiles/xmlsample.dir/all] Error 2
make: *** [all] Error 2
anisbenyoub@eduroinsa176:~/Documents/Cours/GL/GL-XML/build$ cmake ..
-- Boost and boost components found.
-- Configuring done
-- Generating done
-- Build files have been written to: /Users/anisbenyoub/Documents/Cours/GL/GL-XML/build
anisbenyoub@eduroinsa176:~/Documents/Cours/GL/GL-XML/build$ make
[100%] Building CXX object test/xmlsample/CMakeFiles/xmlsample.dir/xmlsample.cpp.o
/Users/anisbenyoub/Documents/Cours/GL/GL-XML/test/xmlsample/xmlsample.cpp:2:10: fatal error: 'xml/pcdata.h' file not found
#include "xml/pcdata.h"
         ^
1 error generated.
make[2]: *** [test/xmlsample/CMakeFiles/xmlsample.dir/xmlsample.cpp.o] Error 1
make[1]: *** [test/xmlsample/CMakeFiles/xmlsample.dir/all] Error 2
make: *** [all] Error 2
anisbenyoub@eduroinsa176:~/Documents/Cours/GL/GL-XML/build$ make
-- Boost and boost components found.
-- Configuring done
-- Generating done
-- Build files have been written to: /Users/anisbenyoub/Documents/Cours/GL/GL-XML/build
[100%] Building CXX object test/xmlsample/CMakeFiles/xmlsample.dir/xmlsample.cpp.o
/Users/anisbenyoub/Documents/Cours/GL/GL-XML/test/xmlsample/xmlsample.cpp:2:10: fatal error: 'xml/pcdata.h' file not found
#include "xml/pcdata.h"
         ^
1 error generated.
make[2]: *** [test/xmlsample/CMakeFiles/xmlsample.dir/xmlsample.cpp.o] Error 1
make[1]: *** [test/xmlsample/CMakeFiles/xmlsample.dir/all] Error 2
make: *** [all] Error 2
anisbenyoub@eduroinsa176:~/Documents/Cours/GL/GL-XML/build$ make ..
anisbenyoub@eduroinsa176:~/Documents/Cours/GL/GL-XML/build$ cmake ..
-- Boost and boost components found.
-- Configuring done
-- Generating done
-- Build files have been written to: /Users/anisbenyoub/Documents/Cours/GL/GL-XML/build
anisbenyoub@eduroinsa176:~/Documents/Cours/GL/GL-XML/build$ make
[100%] Building CXX object test/xmlsample/CMakeFiles/xmlsample.dir/xmlsample.cpp.o
/Users/anisbenyoub/Documents/Cours/GL/GL-XML/test/xmlsample/xmlsample.cpp:2:10: fatal error: 'xml/pcdata.h' file not found
#include "xml/pcdata.h"
         ^
1 error generated.
make[2]: *** [test/xmlsample/CMakeFiles/xmlsample.dir/xmlsample.cpp.o] Error 1
make[1]: *** [test/xmlsample/CMakeFiles/xmlsample.dir/all] Error 2
make: *** [all] Error 2
anisbenyoub@eduroinsa176:~/Documents/Cours/GL/GL-XML/build$ make
-- Boost and boost components found.
-- /opt/local/include
-- Configuring done
-- Generating done
-- Build files have been written to: /Users/anisbenyoub/Documents/Cours/GL/GL-XML/build
[100%] Building CXX object test/xmlsample/CMakeFiles/xmlsample.dir/xmlsample.cpp.o
/Users/anisbenyoub/Documents/Cours/GL/GL-XML/test/xmlsample/xmlsample.cpp:2:10: fatal error: 'xml/pcdata.h' file not found
#include "xml/pcdata.h"
         ^
1 error generated.
make[2]: *** [test/xmlsample/CMakeFiles/xmlsample.dir/xmlsample.cpp.o] Error 1
make[1]: *** [test/xmlsample/CMakeFiles/xmlsample.dir/all] Error 2
make: *** [all] Error 2
anisbenyoub@eduroinsa176:~/Documents/Cours/GL/GL-XML/build$ cmake ..
-- Boost and boost components found.
-- /opt/local/include
-- Configuring done
-- Generating done
-- Build files have been written to: /Users/anisbenyoub/Documents/Cours/GL/GL-XML/build
anisbenyoub@eduroinsa176:~/Documents/Cours/GL/GL-XML/build$ cmake ..
-- Boost and boost components found.
-- /opt/local/include
-- Configuring done
-- Generating done
-- Build files have been written to: /Users/anisbenyoub/Documents/Cours/GL/GL-XML/build
anisbenyoub@eduroinsa176:~/Documents/Cours/GL/GL-XML/build$ cmake ..
-- Boost and boost components found.
CMake Error: Error in cmake code at
/Users/anisbenyoub/Documents/Cours/GL/GL-XML/src/CMakeLists.txt:3:
Parse error.  Function missing ending ")".  Instead found unterminated string with text ")".
-- /opt/local/include
-- Configuring incomplete, errors occurred!
anisbenyoub@eduroinsa176:~/Documents/Cours/GL/GL-XML/build$ cmake ..
-- Boost and boost components found.
CMake Error: Error in cmake code at
/Users/anisbenyoub/Documents/Cours/GL/GL-XML/src/CMakeLists.txt:3:
Parse error.  Function missing ending ")".  Instead found unterminated string with text ")".
-- /opt/local/include
-- Configuring incomplete, errors occurred!
anisbenyoub@eduroinsa176:~/Documents/Cours/GL/GL-XML/build$ cmake ..
-- Boost and boost components found.
-- /opt/local/include
-- Configuring done
-- Generating done
-- Build files have been written to: /Users/anisbenyoub/Documents/Cours/GL/GL-XML/build
anisbenyoub@eduroinsa176:~/Documents/Cours/GL/GL-XML/build$ cmake ..
-- Boost and boost components found.
-- /opt/local/include
-- Configuring done
-- Generating done
-- Build files have been written to: /Users/anisbenyoub/Documents/Cours/GL/GL-XML/build
anisbenyoub@eduroinsa176:~/Documents/Cours/GL/GL-XML/build$ cmake ..
-- Boost and boost components found.
CMake Error: Error in cmake code at
/Users/anisbenyoub/Documents/Cours/GL/GL-XML/src/CMakeLists.txt:3:
Parse error.  Expected "(", got newline with text "
".
-- /opt/local/include
-- Configuring incomplete, errors occurred!
anisbenyoub@eduroinsa176:~/Documents/Cours/GL/GL-XML/build$ cmake ..
-- Boost and boost components found.
status/Users/anisbenyoub/Documents/Cours/GL/GL-XML/src/xml;/Users/anisbenyoub/Documents/Cours/GL/GL-XML/src/dtd
-- /opt/local/include
-- Configuring done
-- Generating done
-- Build files have been written to: /Users/anisbenyoub/Documents/Cours/GL/GL-XML/build
anisbenyoub@eduroinsa176:~/Documents/Cours/GL/GL-XML/build$ cmake ..
-- Boost and boost components found.
status/Users/anisbenyoub/Documents/Cours/GL/GL-XML/src/xml;/Users/anisbenyoub/Documents/Cours/GL/GL-XML/src/dtd
-- /opt/local/include
-- Configuring done
-- Generating done
-- Build files have been written to: /Users/anisbenyoub/Documents/Cours/GL/GL-XML/build
anisbenyoub@eduroinsa176:~/Documents/Cours/GL/GL-XML/build$ cmake ..
-- Boost and boost components found.
status/Users/anisbenyoub/Documents/Cours/GL/GL-XML/src/xml;/Users/anisbenyoub/Documents/Cours/GL/GL-XML/src/dtd
-- /opt/local/include
-- Configuring done
-- Generating done
-- Build files have been written to: /Users/anisbenyoub/Documents/Cours/GL/GL-XML/build
anisbenyoub@eduroinsa176:~/Documents/Cours/GL/GL-XML/build$ cmake ..
-- Boost and boost components found.
status/Users/anisbenyoub/Documents/Cours/GL/GL-XML/src/xml;/Users/anisbenyoub/Documents/Cours/GL/GL-XML/src/dtd
-- /opt/local/include
-- Configuring done
-- Generating done
-- Build files have been written to: /Users/anisbenyoub/Documents/Cours/GL/GL-XML/build
anisbenyoub@eduroinsa176:~/Documents/Cours/GL/GL-XML/build$ cmake ..
-- Boost and boost components found.
CMake Error: Error in cmake code at
/Users/anisbenyoub/Documents/Cours/GL/GL-XML/src/CMakeLists.txt:4:
Parse error.  Function missing ending ")".  Instead found unterminated string with text "${IncDir})
".
-- /opt/local/include
-- Configuring incomplete, errors occurred!
anisbenyoub@eduroinsa176:~/Documents/Cours/GL/GL-XML/build$ cmake ..
-- Boost and boost components found.
status/Users/anisbenyoub/Documents/Cours/GL/GL-XML/src/xml/Users/anisbenyoub/Documents/Cours/GL/GL-XML/src/dtd/opt/local/include
-- /opt/local/include
-- Configuring done
-- Generating done
-- Build files have been written to: /Users/anisbenyoub/Documents/Cours/GL/GL-XML/build
anisbenyoub@eduroinsa176:~/Documents/Cours/GL/GL-XML/build$ cmake ..
-- Boost and boost components found.
-- /Users/anisbenyoub/Documents/Cours/GL/GL-XML/src/xml/Users/anisbenyoub/Documents/Cours/GL/GL-XML/src/dtd/opt/local/include
-- /opt/local/include
-- Configuring done
-- Generating done
-- Build files have been written to: /Users/anisbenyoub/Documents/Cours/GL/GL-XML/build
anisbenyoub@eduroinsa176:~/Documents/Cours/GL/GL-XML/build$ cmake ..
-- Boost and boost components found.
-- /Users/anisbenyoub/Documents/Cours/GL/GL-XML/src/xml /Users/anisbenyoub/Documents/Cours/GL/GL-XML/src/dtd /opt/local/include 
-- /opt/local/include
-- Configuring done
-- Generating done
-- Build files have been written to: /Users/anisbenyoub/Documents/Cours/GL/GL-XML/build
anisbenyoub@eduroinsa176:~/Documents/Cours/GL/GL-XML/build$ cmake ..
-- Boost and boost components found.
-- /Users/anisbenyoub/Documents/Cours/GL/GL-XML/src/xml /Users/anisbenyoub/Documents/Cours/GL/GL-XML/src/dtd /opt/local/include 
-- /opt/local/include
-- Configuring done
-- Generating done
-- Build files have been written to: /Users/anisbenyoub/Documents/Cours/GL/GL-XML/build
anisbenyoub@eduroinsa176:~/Documents/Cours/GL/GL-XML/build$ cmake ..
-- Boost and boost components found.
-- /Users/anisbenyoub/Documents/Cours/GL/GL-XML/src/xml /Users/anisbenyoub/Documents/Cours/GL/GL-XML/src/dtd /Users/anisbenyoub/Documents/Cours/GL/GL-XML/src/xml /Users/anisbenyoub/Documents/Cours/GL/GL-XML/src/dtd /opt/local/include  
-- /Users/anisbenyoub/Documents/Cours/GL/GL-XML/src/xml /Users/anisbenyoub/Documents/Cours/GL/GL-XML/src/dtd /opt/local/include 
-- Configuring done
-- Generating done
-- Build files have been written to: /Users/anisbenyoub/Documents/Cours/GL/GL-XML/build
anisbenyoub@eduroinsa176:~/Documents/Cours/GL/GL-XML/build$ cmake ..
-- Boost and boost components found.
-- /Users/anisbenyoub/Documents/Cours/GL/GL-XML/src/xml /Users/anisbenyoub/Documents/Cours/GL/GL-XML/src/dtd /opt/local/include 
-- Configuring done
-- Generating done
-- Build files have been written to: /Users/anisbenyoub/Documents/Cours/GL/GL-XML/build
anisbenyoub@eduroinsa176:~/Documents/Cours/GL/GL-XML/build$ make
Scanning dependencies of target xmlsample
[100%] Building CXX object test/xmlsample/CMakeFiles/xmlsample.dir/xmlsample.cpp.o
/Users/anisbenyoub/Documents/Cours/GL/GL-XML/test/xmlsample/xmlsample.cpp:2:10: fatal error: 'xml/pcdata.h' file not found
#include "xml/pcdata.h"
         ^
1 error generated.
make[2]: *** [test/xmlsample/CMakeFiles/xmlsample.dir/xmlsample.cpp.o] Error 1
make[1]: *** [test/xmlsample/CMakeFiles/xmlsample.dir/all] Error 2
make: *** [all] Error 2
anisbenyoub@eduroinsa176:~/Documents/Cours/GL/GL-XML/build$ make
[100%] Building CXX object test/xmlsample/CMakeFiles/xmlsample.dir/xmlsample.cpp.o
/Users/anisbenyoub/Documents/Cours/GL/GL-XML/test/xmlsample/xmlsample.cpp:2:10: fatal error: 'xml/pcdata.h' file not found
#include <xml/pcdata.h>
         ^
1 error generated.
make[2]: *** [test/xmlsample/CMakeFiles/xmlsample.dir/xmlsample.cpp.o] Error 1
make[1]: *** [test/xmlsample/CMakeFiles/xmlsample.dir/all] Error 2
make: *** [all] Error 2
anisbenyoub@eduroinsa176:~/Documents/Cours/GL/GL-XML/build$ make
[100%] Building CXX object test/xmlsample/CMakeFiles/xmlsample.dir/xmlsample.cpp.o
/Users/anisbenyoub/Documents/Cours/GL/GL-XML/test/xmlsample/xmlsample.cpp:2:10: fatal error: 'xml/pcdata.h' file not found
#include <xml/pcdata.h>
         ^
1 error generated.
make[2]: *** [test/xmlsample/CMakeFiles/xmlsample.dir/xmlsample.cpp.o] Error 1
make[1]: *** [test/xmlsample/CMakeFiles/xmlsample.dir/all] Error 2
make: *** [all] Error 2
anisbenyoub@eduroinsa176:~/Documents/Cours/GL/GL-XML/build$ make
[100%] Building CXX object test/xmlsample/CMakeFiles/xmlsample.dir/xmlsample.cpp.o
In file included from /Users/anisbenyoub/Documents/Cours/GL/GL-XML/test/xmlsample/xmlsample.cpp:2:
In file included from /Users/anisbenyoub/Documents/Cours/GL/GL-XML/src/xml/pcdata.h:42:
/Users/anisbenyoub/Documents/Cours/GL/GL-XML/src/xml/content.h:4:10: error: field has incomplete type 'Content'
        Content(arguments);
                ^
/Users/anisbenyoub/Documents/Cours/GL/GL-XML/src/xml/content.h:1:7: note: definition of 'Content' is not complete until the closing '}'
class Content
      ^
In file included from /Users/anisbenyoub/Documents/Cours/GL/GL-XML/test/xmlsample/xmlsample.cpp:2:
/Users/anisbenyoub/Documents/Cours/GL/GL-XML/src/xml/pcdata.h:46:1: error: expected unqualified-id
{
^
/Users/anisbenyoub/Documents/Cours/GL/GL-XML/src/xml/pcdata.h:30:2: error: unterminated conditional directive
#if defined(PCData_RECURSES)
 ^
3 errors generated.
make[2]: *** [test/xmlsample/CMakeFiles/xmlsample.dir/xmlsample.cpp.o] Error 1
make[1]: *** [test/xmlsample/CMakeFiles/xmlsample.dir/all] Error 2
make: *** [all] Error 2
anisbenyoub@eduroinsa176:~/Documents/Cours/GL/GL-XML/build$ make
-- Boost and boost components found.
-- /Users/anisbenyoub/Documents/Cours/GL/GL-XML/src/ /opt/local/include 
-- Configuring done
-- Generating done
-- Build files have been written to: /Users/anisbenyoub/Documents/Cours/GL/GL-XML/build
Scanning dependencies of target xmlsample
[100%] Building CXX object test/xmlsample/CMakeFiles/xmlsample.dir/xmlsample.cpp.o
/Users/anisbenyoub/Documents/Cours/GL/GL-XML/test/xmlsample/xmlsample.cpp:2:10: fatal error: 'xml/xmlpcdata.h' file not found
#include <xml/xmlpcdata.h>
         ^
1 error generated.
make[2]: *** [test/xmlsample/CMakeFiles/xmlsample.dir/xmlsample.cpp.o] Error 1
make[1]: *** [test/xmlsample/CMakeFiles/xmlsample.dir/all] Error 2
make: *** [all] Error 2
anisbenyoub@eduroinsa176:~/Documents/Cours/GL/GL-XML/build$ cmake ..
-- Boost and boost components found.
-- /Users/anisbenyoub/Documents/Cours/GL/GL-XML/src/ /opt/local/include 
-- Configuring done
-- Generating done
-- Build files have been written to: /Users/anisbenyoub/Documents/Cours/GL/GL-XML/build
anisbenyoub@eduroinsa176:~/Documents/Cours/GL/GL-XML/build$ make
[100%] Building CXX object test/xmlsample/CMakeFiles/xmlsample.dir/xmlsample.cpp.o
/Users/anisbenyoub/Documents/Cours/GL/GL-XML/test/xmlsample/xmlsample.cpp:2:10: fatal error: 'xml/pcdata.h' file not found
#include <xml/pcdata.h>
         ^
1 error generated.
make[2]: *** [test/xmlsample/CMakeFiles/xmlsample.dir/xmlsample.cpp.o] Error 1
make[1]: *** [test/xmlsample/CMakeFiles/xmlsample.dir/all] Error 2
make: *** [all] Error 2
anisbenyoub@eduroinsa176:~/Documents/Cours/GL/GL-XML/build$ make
-- Boost and boost components found.
-- /Users/anisbenyoub/Documents/Cours/GL/GL-XML/src /opt/local/include 
-- Configuring done
-- Generating done
-- Build files have been written to: /Users/anisbenyoub/Documents/Cours/GL/GL-XML/build
Scanning dependencies of target xmlsample
[100%] Building CXX object test/xmlsample/CMakeFiles/xmlsample.dir/xmlsample.cpp.o
In file included from /Users/anisbenyoub/Documents/Cours/GL/GL-XML/test/xmlsample/xmlsample.cpp:2:
In file included from /Users/anisbenyoub/Documents/Cours/GL/GL-XML/src/xml/pcdata.h:42:
/Users/anisbenyoub/Documents/Cours/GL/GL-XML/src/xml/content.h:4:10: error: field has incomplete type 'Content'
        Content(arguments);
                ^
/Users/anisbenyoub/Documents/Cours/GL/GL-XML/src/xml/content.h:1:7: note: definition of 'Content' is not complete until the closing '}'
class Content
      ^
In file included from /Users/anisbenyoub/Documents/Cours/GL/GL-XML/test/xmlsample/xmlsample.cpp:2:
/Users/anisbenyoub/Documents/Cours/GL/GL-XML/src/xml/pcdata.h:46:1: error: expected unqualified-id
{
^
/Users/anisbenyoub/Documents/Cours/GL/GL-XML/src/xml/pcdata.h:30:2: error: unterminated conditional directive
#if defined(PCData_RECURSES)
 ^
3 errors generated.
make[2]: *** [test/xmlsample/CMakeFiles/xmlsample.dir/xmlsample.cpp.o] Error 1
make[1]: *** [test/xmlsample/CMakeFiles/xmlsample.dir/all] Error 2
make: *** [all] Error 2
anisbenyoub@eduroinsa176:~/Documents/Cours/GL/GL-XML/build$ make
[100%] Building CXX object test/xmlsample/CMakeFiles/xmlsample.dir/xmlsample.cpp.o
In file included from /Users/anisbenyoub/Documents/Cours/GL/GL-XML/test/xmlsample/xmlsample.cpp:2:
/Users/anisbenyoub/Documents/Cours/GL/GL-XML/src/xml/pcdata.h:42:10: fatal error: 'content.h' file not found
#include "content.h"
         ^
1 error generated.
make[2]: *** [test/xmlsample/CMakeFiles/xmlsample.dir/xmlsample.cpp.o] Error 1
make[1]: *** [test/xmlsample/CMakeFiles/xmlsample.dir/all] Error 2
make: *** [all] Error 2
anisbenyoub@eduroinsa176:~/Documents/Cours/GL/GL-XML/build$ make
[100%] Building CXX object test/xmlsample/CMakeFiles/xmlsample.dir/xmlsample.cpp.o
In file included from /Users/anisbenyoub/Documents/Cours/GL/GL-XML/test/xmlsample/xmlsample.cpp:2:
/Users/anisbenyoub/Documents/Cours/GL/GL-XML/src/xml/pcdata.h:42:10: fatal error: 'content.h' file not found
#include "content.h"
         ^
1 error generated.
make[2]: *** [test/xmlsample/CMakeFiles/xmlsample.dir/xmlsample.cpp.o] Error 1
make[1]: *** [test/xmlsample/CMakeFiles/xmlsample.dir/all] Error 2
make: *** [all] Error 2
anisbenyoub@eduroinsa176:~/Documents/Cours/GL/GL-XML/build$ make
[100%] Building CXX object test/xmlsample/CMakeFiles/xmlsample.dir/xmlsample.cpp.o
In file included from /Users/anisbenyoub/Documents/Cours/GL/GL-XML/test/xmlsample/xmlsample.cpp:2:
/Users/anisbenyoub/Documents/Cours/GL/GL-XML/src/xml/pcdata.h:46:1: error: expected unqualified-id
{
^
/Users/anisbenyoub/Documents/Cours/GL/GL-XML/src/xml/pcdata.h:30:2: error: unterminated conditional directive
#if defined(PCData_RECURSES)
 ^
2 errors generated.
make[2]: *** [test/xmlsample/CMakeFiles/xmlsample.dir/xmlsample.cpp.o] Error 1
make[1]: *** [test/xmlsample/CMakeFiles/xmlsample.dir/all] Error 2
make: *** [all] Error 2
anisbenyoub@eduroinsa176:~/Documents/Cours/GL/GL-XML/build$ make
[100%] Building CXX object test/xmlsample/CMakeFiles/xmlsample.dir/xmlsample.cpp.o
In file included from /Users/anisbenyoub/Documents/Cours/GL/GL-XML/test/xmlsample/xmlsample.cpp:2:
/Users/anisbenyoub/Documents/Cours/GL/GL-XML/src/xml/pcdata.h:46:1: error: expected unqualified-id
{
^
1 error generated.
make[2]: *** [test/xmlsample/CMakeFiles/xmlsample.dir/xmlsample.cpp.o] Error 1
make[1]: *** [test/xmlsample/CMakeFiles/xmlsample.dir/all] Error 2
make: *** [all] Error 2
anisbenyoub@eduroinsa176:~/Documents/Cours/GL/GL-XML/build$ make
[100%] Building CXX object test/xmlsample/CMakeFiles/xmlsample.dir/xmlsample.cpp.o
In file included from /Users/anisbenyoub/Documents/Cours/GL/GL-XML/test/xmlsample/xmlsample.cpp:2:
/Users/anisbenyoub/Documents/Cours/GL/GL-XML/src/xml/pcdata.h:98:15: error: implicit instantiation of undefined template 'std::basic_string<char, std::char_traits<char>,
      std::allocator<char> >'
                std::string mValue;
                            ^
/usr/include/c++/4.2.1/bits/stringfwd.h:55:11: note: template is declared here
    class basic_string;
          ^
1 error generated.
make[2]: *** [test/xmlsample/CMakeFiles/xmlsample.dir/xmlsample.cpp.o] Error 1
make[1]: *** [test/xmlsample/CMakeFiles/xmlsample.dir/all] Error 2
make: *** [all] Error 2
anisbenyoub@eduroinsa176:~/Documents/Cours/GL/GL-XML/build$ make
[100%] Building CXX object test/xmlsample/CMakeFiles/xmlsample.dir/xmlsample.cpp.o
In file included from /Users/anisbenyoub/Documents/Cours/GL/GL-XML/test/xmlsample/xmlsample.cpp:2:
/Users/anisbenyoub/Documents/Cours/GL/GL-XML/src/xml/pcdata.h:98:15: error: implicit instantiation of undefined template 'std::basic_string<char, std::char_traits<char>,
      std::allocator<char> >'
                std::string mValue;
                            ^
/usr/include/c++/4.2.1/bits/stringfwd.h:55:11: note: template is declared here
    class basic_string;
          ^
1 error generated.
make[2]: *** [test/xmlsample/CMakeFiles/xmlsample.dir/xmlsample.cpp.o] Error 1
make[1]: *** [test/xmlsample/CMakeFiles/xmlsample.dir/all] Error 2
make: *** [all] Error 2
anisbenyoub@eduroinsa176:~/Documents/Cours/GL/GL-XML/build$ make
[100%] Building CXX object test/xmlsample/CMakeFiles/xmlsample.dir/xmlsample.cpp.o
In file included from /Users/anisbenyoub/Documents/Cours/GL/GL-XML/test/xmlsample/xmlsample.cpp:2:
/Users/anisbenyoub/Documents/Cours/GL/GL-XML/src/xml/pcdata.h:98:15: error: implicit instantiation of undefined template 'std::basic_string<char, std::char_traits<char>,
      std::allocator<char> >'
                std::string mValue;
                            ^
/usr/include/c++/4.2.1/bits/stringfwd.h:55:11: note: template is declared here
    class basic_string;
          ^
1 error generated.
make[2]: *** [test/xmlsample/CMakeFiles/xmlsample.dir/xmlsample.cpp.o] Error 1
make[1]: *** [test/xmlsample/CMakeFiles/xmlsample.dir/all] Error 2
make: *** [all] Error 2
anisbenyoub@eduroinsa176:~/Documents/Cours/GL/GL-XML/build$ make
[100%] Building CXX object test/xmlsample/CMakeFiles/xmlsample.dir/xmlsample.cpp.o
In file included from /Users/anisbenyoub/Documents/Cours/GL/GL-XML/test/xmlsample/xmlsample.cpp:2:
/Users/anisbenyoub/Documents/Cours/GL/GL-XML/src/xml/pcdata.h:98:2: error: 'using namespace' is not allowed in classes
        using namespace std;    
        ^
/Users/anisbenyoub/Documents/Cours/GL/GL-XML/src/xml/pcdata.h:99:2: error: unknown type name 'string'; did you mean 'std::string'?
        string mValue;
        ^~~~~~
        std::string
/usr/include/c++/4.2.1/bits/stringfwd.h:59:33: note: 'std::string' declared here
  typedef basic_string<char>    string;
                                ^
2 errors generated.
make[2]: *** [test/xmlsample/CMakeFiles/xmlsample.dir/xmlsample.cpp.o] Error 1
make[1]: *** [test/xmlsample/CMakeFiles/xmlsample.dir/all] Error 2
make: *** [all] Error 2
anisbenyoub@eduroinsa176:~/Documents/Cours/GL/GL-XML/build$ make
[100%] Building CXX object test/xmlsample/CMakeFiles/xmlsample.dir/xmlsample.cpp.o
In file included from /Users/anisbenyoub/Documents/Cours/GL/GL-XML/test/xmlsample/xmlsample.cpp:2:
/Users/anisbenyoub/Documents/Cours/GL/GL-XML/src/xml/pcdata.h:98:15: error: implicit instantiation of undefined template 'std::basic_string<char, std::char_traits<char>,
      std::allocator<char> >'
                std::string mValue;
                            ^
/usr/include/c++/4.2.1/bits/stringfwd.h:55:11: note: template is declared here
    class basic_string;
          ^
1 error generated.
make[2]: *** [test/xmlsample/CMakeFiles/xmlsample.dir/xmlsample.cpp.o] Error 1
make[1]: *** [test/xmlsample/CMakeFiles/xmlsample.dir/all] Error 2
make: *** [all] Error 2
anisbenyoub@eduroinsa176:~/Documents/Cours/GL/GL-XML/build$ ccmake ..
anisbenyoub@eduroinsa176:~/Documents/Cours/GL/GL-XML/build$ cmake ..
-- Boost and boost components found.
-- /Users/anisbenyoub/Documents/Cours/GL/GL-XML/src /opt/local/include 
-- Configuring done
-- Generating done
-- Build files have been written to: /Users/anisbenyoub/Documents/Cours/GL/GL-XML/build
anisbenyoub@eduroinsa176:~/Documents/Cours/GL/GL-XML/build$ rm -rf *
anisbenyoub@eduroinsa176:~/Documents/Cours/GL/GL-XML/build$ cmake ..
-- The C compiler identification is GNU 4.2.1
-- The CXX compiler identification is Clang 3.1.0
-- Checking whether C compiler has -isysroot
-- Checking whether C compiler has -isysroot - yes
-- Checking whether C compiler supports OSX deployment target flag
-- Checking whether C compiler supports OSX deployment target flag - yes
-- Check for working C compiler: /usr/bin/gcc
-- Check for working C compiler: /usr/bin/gcc -- works
-- Detecting C compiler ABI info
-- Detecting C compiler ABI info - done
-- Check for working CXX compiler: /usr/bin/c++
-- Check for working CXX compiler: /usr/bin/c++ -- works
-- Detecting CXX compiler ABI info
-- Detecting CXX compiler ABI info - done
-- Boost version: 1.50.0
-- Found the following Boost libraries:
--   program_options
--   system
-- Boost and boost components found.
-- /Users/anisbenyoub/Documents/Cours/GL/GL-XML/src /opt/local/include 
-- Configuring done
-- Generating done
-- Build files have been written to: /Users/anisbenyoub/Documents/Cours/GL/GL-XML/build
anisbenyoub@eduroinsa176:~/Documents/Cours/GL/GL-XML/build$ make
Scanning dependencies of target xmlsample
[100%] Building CXX object test/xmlsample/CMakeFiles/xmlsample.dir/xmlsample.cpp.o
In file included from /Users/anisbenyoub/Documents/Cours/GL/GL-XML/test/xmlsample/xmlsample.cpp:2:
/Users/anisbenyoub/Documents/Cours/GL/GL-XML/src/xml/pcdata.h:98:15: error: implicit instantiation of undefined template 'std::basic_string<char, std::char_traits<char>,
      std::allocator<char> >'
                std::string mValue;
                            ^
/usr/include/c++/4.2.1/bits/stringfwd.h:55:11: note: template is declared here
    class basic_string;
          ^
1 error generated.
make[2]: *** [test/xmlsample/CMakeFiles/xmlsample.dir/xmlsample.cpp.o] Error 1
make[1]: *** [test/xmlsample/CMakeFiles/xmlsample.dir/all] Error 2
make: *** [all] Error 2
anisbenyoub@eduroinsa176:~/Documents/Cours/GL/GL-XML/build$ make
[100%] Building CXX object test/xmlsample/CMakeFiles/xmlsample.dir/xmlsample.cpp.o
/Users/anisbenyoub/Documents/Cours/GL/GL-XML/test/xmlsample/xmlsample.cpp:5:28: warning: conversion from string literal to 'char *' is deprecated
      [-Wdeprecated-writable-strings]
        PCData aData = new PCData("hihi");
                                  ^
/Users/anisbenyoub/Documents/Cours/GL/GL-XML/test/xmlsample/xmlsample.cpp:5:9: error: no viable conversion from 'PCData *' to 'PCData'
        PCData aData = new PCData("hihi");
               ^       ~~~~~~~~~~~~~~~~~~
/Users/anisbenyoub/Documents/Cours/GL/GL-XML/src/xml/pcdata.h:54:8: note: candidate constructor (the implicit copy constructor) not viable: no known conversion from 'PCData *'
      to 'const PCData &' for 1st argument; dereference the argument with *
        class PCData : public XMLContent
              ^
/Users/anisbenyoub/Documents/Cours/GL/GL-XML/src/xml/pcdata.h:63:2: note: candidate constructor not viable: no known conversion from 'PCData *' to 'std::string'
      (aka 'basic_string<char>') for 1st argument;
        PCData(std::string aValue);
        ^
/Users/anisbenyoub/Documents/Cours/GL/GL-XML/src/xml/pcdata.h:70:2: note: candidate constructor not viable: no known conversion from 'PCData *' to 'char *' for 1st argument;
        PCData(char * aValue);
        ^
1 warning and 1 error generated.
make[2]: *** [test/xmlsample/CMakeFiles/xmlsample.dir/xmlsample.cpp.o] Error 1
make[1]: *** [test/xmlsample/CMakeFiles/xmlsample.dir/all] Error 2
make: *** [all] Error 2
anisbenyoub@eduroinsa176:~/Documents/Cours/GL/GL-XML/build$ make
[100%] Building CXX object test/xmlsample/CMakeFiles/xmlsample.dir/xmlsample.cpp.o
/Users/anisbenyoub/Documents/Cours/GL/GL-XML/test/xmlsample/xmlsample.cpp:5:15: warning: conversion from string literal to 'char *' is deprecated
      [-Wdeprecated-writable-strings]
        PCData aData("hihi");
                     ^
1 warning generated.
Linking CXX executable xmlsample
Undefined symbols for architecture x86_64:
  "PCData::PCData(char*)", referenced from:
      _main in xmlsample.cpp.o
  "PCData::~PCData()", referenced from:
      _main in xmlsample.cpp.o
ld: symbol(s) not found for architecture x86_64
clang: error: linker command failed with exit code 1 (use -v to see invocation)
make[2]: *** [test/xmlsample/xmlsample] Error 1
make[1]: *** [test/xmlsample/CMakeFiles/xmlsample.dir/all] Error 2
make: *** [all] Error 2
anisbenyoub@eduroinsa176:~/Documents/Cours/GL/GL-XML/build$ make
-- Boost and boost components found.
-- /Users/anisbenyoub/Documents/Cours/GL/GL-XML/src /opt/local/include 
-- Configuring done
-- Generating done
-- Build files have been written to: /Users/anisbenyoub/Documents/Cours/GL/GL-XML/build
Linking CXX executable xmlsample
Undefined symbols for architecture x86_64:
  "PCData::PCData(char*)", referenced from:
      _main in xmlsample.cpp.o
  "PCData::~PCData()", referenced from:
      _main in xmlsample.cpp.o
ld: symbol(s) not found for architecture x86_64
clang: error: linker command failed with exit code 1 (use -v to see invocation)
make[2]: *** [test/xmlsample/xmlsample] Error 1
make[1]: *** [test/xmlsample/CMakeFiles/xmlsample.dir/all] Error 2
make: *** [all] Error 2
anisbenyoub@eduroinsa176:~/Documents/Cours/GL/GL-XML/build$ cmake ..
-- Boost and boost components found.
-- /Users/anisbenyoub/Documents/Cours/GL/GL-XML/src /opt/local/include 
-- Configuring done
-- Generating done
-- Build files have been written to: /Users/anisbenyoub/Documents/Cours/GL/GL-XML/build
anisbenyoub@eduroinsa176:~/Documents/Cours/GL/GL-XML/build$ make
Linking CXX executable xmlsample
Undefined symbols for architecture x86_64:
  "PCData::PCData(char*)", referenced from:
      _main in xmlsample.cpp.o
  "PCData::~PCData()", referenced from:
      _main in xmlsample.cpp.o
ld: symbol(s) not found for architecture x86_64
clang: error: linker command failed with exit code 1 (use -v to see invocation)
make[2]: *** [test/xmlsample/xmlsample] Error 1
make[1]: *** [test/xmlsample/CMakeFiles/xmlsample.dir/all] Error 2
make: *** [all] Error 2
anisbenyoub@eduroinsa176:~/Documents/Cours/GL/GL-XML/build$ make clean
anisbenyoub@eduroinsa176:~/Documents/Cours/GL/GL-XML/build$ make
[100%] Building CXX object test/xmlsample/CMakeFiles/xmlsample.dir/xmlsample.cpp.o
/Users/anisbenyoub/Documents/Cours/GL/GL-XML/test/xmlsample/xmlsample.cpp:5:15: warning: conversion from string literal to 'char *' is deprecated
      [-Wdeprecated-writable-strings]
        PCData aData("hihi");
                     ^
1 warning generated.
Linking CXX executable xmlsample
Undefined symbols for architecture x86_64:
  "PCData::PCData(char*)", referenced from:
      _main in xmlsample.cpp.o
  "PCData::~PCData()", referenced from:
      _main in xmlsample.cpp.o
ld: symbol(s) not found for architecture x86_64
clang: error: linker command failed with exit code 1 (use -v to see invocation)
make[2]: *** [test/xmlsample/xmlsample] Error 1
make[1]: *** [test/xmlsample/CMakeFiles/xmlsample.dir/all] Error 2
make: *** [all] Error 2
anisbenyoub@eduroinsa176:~/Documents/Cours/GL/GL-XML/build$ make
-- Boost and boost components found.
-- /Users/anisbenyoub/Documents/Cours/GL/GL-XML/src /opt/local/include 
-- 
-- Configuring done
-- Generating done
-- Build files have been written to: /Users/anisbenyoub/Documents/Cours/GL/GL-XML/build
Linking CXX executable xmlsample
Undefined symbols for architecture x86_64:
  "PCData::PCData(char*)", referenced from:
      _main in xmlsample.cpp.o
  "PCData::~PCData()", referenced from:
      _main in xmlsample.cpp.o
ld: symbol(s) not found for architecture x86_64
clang: error: linker command failed with exit code 1 (use -v to see invocation)
make[2]: *** [test/xmlsample/xmlsample] Error 1
make[1]: *** [test/xmlsample/CMakeFiles/xmlsample.dir/all] Error 2
make: *** [all] Error 2
anisbenyoub@eduroinsa176:~/Documents/Cours/GL/GL-XML/build$ make
-- Boost and boost components found.
-- 
-- Configuring done
-- Generating done
-- Build files have been written to: /Users/anisbenyoub/Documents/Cours/GL/GL-XML/build
Linking CXX executable xmlsample
Undefined symbols for architecture x86_64:
  "PCData::PCData(char*)", referenced from:
      _main in xmlsample.cpp.o
  "PCData::~PCData()", referenced from:
      _main in xmlsample.cpp.o
ld: symbol(s) not found for architecture x86_64
clang: error: linker command failed with exit code 1 (use -v to see invocation)
make[2]: *** [test/xmlsample/xmlsample] Error 1
make[1]: *** [test/xmlsample/CMakeFiles/xmlsample.dir/all] Error 2
make: *** [all] Error 2
anisbenyoub@eduroinsa176:~/Documents/Cours/GL/GL-XML/build$ make
-- Boost and boost components found.
-- 
-- Configuring done
-- Generating done
-- Build files have been written to: /Users/anisbenyoub/Documents/Cours/GL/GL-XML/build
Linking CXX executable xmlsample
Undefined symbols for architecture x86_64:
  "PCData::PCData(char*)", referenced from:
      _main in xmlsample.cpp.o
  "PCData::~PCData()", referenced from:
      _main in xmlsample.cpp.o
ld: symbol(s) not found for architecture x86_64
clang: error: linker command failed with exit code 1 (use -v to see invocation)
make[2]: *** [test/xmlsample/xmlsample] Error 1
make[1]: *** [test/xmlsample/CMakeFiles/xmlsample.dir/all] Error 2
make: *** [all] Error 2
anisbenyoub@eduroinsa176:~/Documents/Cours/GL/GL-XML/build$ make
-- Boost and boost components found.
-- /Users/anisbenyoub/Documents/Cours/GL/GL-XML/src/xml/.DS_Store/Users/anisbenyoub/Documents/Cours/GL/GL-XML/src/xml/attribut.cpp/Users/anisbenyoub/Documents/Cours/GL/GL-XML/src/xml/attribut.h/Users/anisbenyoub/Documents/Cours/GL/GL-XML/src/xml/documentxml.cpp/Users/anisbenyoub/Documents/Cours/GL/GL-XML/src/xml/documentxml.h/Users/anisbenyoub/Documents/Cours/GL/GL-XML/src/xml/element.cpp/Users/anisbenyoub/Documents/Cours/GL/GL-XML/src/xml/element.h/Users/anisbenyoub/Documents/Cours/GL/GL-XML/src/xml/misc.cpp/Users/anisbenyoub/Documents/Cours/GL/GL-XML/src/xml/misc.h/Users/anisbenyoub/Documents/Cours/GL/GL-XML/src/xml/pcdata.cpp/Users/anisbenyoub/Documents/Cours/GL/GL-XML/src/xml/pcdata.h/Users/anisbenyoub/Documents/Cours/GL/GL-XML/src/xml/xmlcontent.cpp/Users/anisbenyoub/Documents/Cours/GL/GL-XML/src/xml/xmlcontent.h/Users/anisbenyoub/Documents/Cours/GL/GL-XML/src/dtd/.DS_Store/Users/anisbenyoub/Documents/Cours/GL/GL-XML/src/dtd/any.cpp/Users/anisbenyoub/Documents/Cours/GL/GL-XML/src/dtd/any.h/Users/anisbenyoub/Documents/Cours/GL/GL-XML/src/dtd/content.cpp/Users/anisbenyoub/Documents/Cours/GL/GL-XML/src/dtd/content.h/Users/anisbenyoub/Documents/Cours/GL/GL-XML/src/dtd/empty.cpp/Users/anisbenyoub/Documents/Cours/GL/GL-XML/src/dtd/empty.h/Users/anisbenyoub/Documents/Cours/GL/GL-XML/src/dtd/multipleelement.cpp/Users/anisbenyoub/Documents/Cours/GL/GL-XML/src/dtd/multipleelement.h/Users/anisbenyoub/Documents/Cours/GL/GL-XML/src/dtd/uniqueelement.cpp/Users/anisbenyoub/Documents/Cours/GL/GL-XML/src/dtd/uniqueelement.h
-- Configuring done
-- Generating done
-- Build files have been written to: /Users/anisbenyoub/Documents/Cours/GL/GL-XML/build
Scanning dependencies of target xmlsample
[  8%] Building CXX object test/xmlsample/CMakeFiles/xmlsample.dir/__/__/src/xml/attribut.cpp.o
[ 16%] Building CXX object test/xmlsample/CMakeFiles/xmlsample.dir/__/__/src/xml/documentxml.cpp.o
In file included from /Users/anisbenyoub/Documents/Cours/GL/GL-XML/src/xml/documentxml.cpp:1:
/Users/anisbenyoub/Documents/Cours/GL/GL-XML/src/xml/documentxml.h:7:2: error: unknown type name 'Element'
        Element element;
        ^
/Users/anisbenyoub/Documents/Cours/GL/GL-XML/src/xml/documentxml.h:8:2: error: unknown type name 'list'
        list<Element>* elements;
        ^
/Users/anisbenyoub/Documents/Cours/GL/GL-XML/src/xml/documentxml.h:8:6: error: expected member name or ';' after declaration specifiers
        list<Element>* elements;
        ~~~~^
/Users/anisbenyoub/Documents/Cours/GL/GL-XML/src/xml/documentxml.h:9:2: error: unknown type name 'list'
        list<Attribut>* attributs;
        ^
/Users/anisbenyoub/Documents/Cours/GL/GL-XML/src/xml/documentxml.h:9:6: error: expected member name or ';' after declaration specifiers
        list<Attribut>* attributs;
        ~~~~^
/Users/anisbenyoub/Documents/Cours/GL/GL-XML/src/xml/documentxml.h:10:2: error: unknown type name 'Misc'
        Misc misc;
        ^
6 errors generated.
make[2]: *** [test/xmlsample/CMakeFiles/xmlsample.dir/__/__/src/xml/documentxml.cpp.o] Error 1
make[1]: *** [test/xmlsample/CMakeFiles/xmlsample.dir/all] Error 2
make: *** [all] Error 2
anisbenyoub@eduroinsa176:~/Documents/Cours/GL/GL-XML/build$ make
-- Boost and boost components found.
-- /Users/anisbenyoub/Documents/Cours/GL/GL-XML/src/xml/.DS_Store/Users/anisbenyoub/Documents/Cours/GL/GL-XML/src/xml/attribut.cpp/Users/anisbenyoub/Documents/Cours/GL/GL-XML/src/xml/attribut.h/Users/anisbenyoub/Documents/Cours/GL/GL-XML/src/xml/documentxml.cpp/Users/anisbenyoub/Documents/Cours/GL/GL-XML/src/xml/documentxml.h/Users/anisbenyoub/Documents/Cours/GL/GL-XML/src/xml/element.cpp/Users/anisbenyoub/Documents/Cours/GL/GL-XML/src/xml/element.h/Users/anisbenyoub/Documents/Cours/GL/GL-XML/src/xml/misc.cpp/Users/anisbenyoub/Documents/Cours/GL/GL-XML/src/xml/misc.h/Users/anisbenyoub/Documents/Cours/GL/GL-XML/src/xml/pcdata.cpp/Users/anisbenyoub/Documents/Cours/GL/GL-XML/src/xml/pcdata.h/Users/anisbenyoub/Documents/Cours/GL/GL-XML/src/xml/xmlcontent.cpp/Users/anisbenyoub/Documents/Cours/GL/GL-XML/src/xml/xmlcontent.h
-- Configuring done
-- Generating done
-- Build files have been written to: /Users/anisbenyoub/Documents/Cours/GL/GL-XML/build
Scanning dependencies of target xmlsample
[ 14%] Building CXX object test/xmlsample/CMakeFiles/xmlsample.dir/__/__/src/xml/documentxml.cpp.o
In file included from /Users/anisbenyoub/Documents/Cours/GL/GL-XML/src/xml/documentxml.cpp:1:
/Users/anisbenyoub/Documents/Cours/GL/GL-XML/src/xml/documentxml.h:7:2: error: unknown type name 'Element'
        Element element;
        ^
/Users/anisbenyoub/Documents/Cours/GL/GL-XML/src/xml/documentxml.h:8:2: error: unknown type name 'list'
        list<Element>* elements;
        ^
/Users/anisbenyoub/Documents/Cours/GL/GL-XML/src/xml/documentxml.h:8:6: error: expected member name or ';' after declaration specifiers
        list<Element>* elements;
        ~~~~^
/Users/anisbenyoub/Documents/Cours/GL/GL-XML/src/xml/documentxml.h:9:2: error: unknown type name 'list'
        list<Attribut>* attributs;
        ^
/Users/anisbenyoub/Documents/Cours/GL/GL-XML/src/xml/documentxml.h:9:6: error: expected member name or ';' after declaration specifiers
        list<Attribut>* attributs;
        ~~~~^
/Users/anisbenyoub/Documents/Cours/GL/GL-XML/src/xml/documentxml.h:10:2: error: unknown type name 'Misc'
        Misc misc;
        ^
6 errors generated.
make[2]: *** [test/xmlsample/CMakeFiles/xmlsample.dir/__/__/src/xml/documentxml.cpp.o] Error 1
make[1]: *** [test/xmlsample/CMakeFiles/xmlsample.dir/all] Error 2
make: *** [all] Error 2
anisbenyoub@eduroinsa176:~/Documents/Cours/GL/GL-XML/build$ make
Scanning dependencies of target xmlsample
make[2]: *** No rule to make target `../src/xml/attribut.cpp', needed by `test/xmlsample/CMakeFiles/xmlsample.dir/__/__/src/xml/attribut.cpp.o'.  Stop.
make[1]: *** [test/xmlsample/CMakeFiles/xmlsample.dir/all] Error 2
make: *** [all] Error 2
anisbenyoub@eduroinsa176:~/Documents/Cours/GL/GL-XML/build$ cmake ..
-- Boost and boost components found.
-- /Users/anisbenyoub/Documents/Cours/GL/GL-XML/src/xml/.DS_Store/Users/anisbenyoub/Documents/Cours/GL/GL-XML/src/xml/documentxml.cpp/Users/anisbenyoub/Documents/Cours/GL/GL-XML/src/xml/documentxml.h/Users/anisbenyoub/Documents/Cours/GL/GL-XML/src/xml/element.cpp/Users/anisbenyoub/Documents/Cours/GL/GL-XML/src/xml/element.h/Users/anisbenyoub/Documents/Cours/GL/GL-XML/src/xml/misc.cpp/Users/anisbenyoub/Documents/Cours/GL/GL-XML/src/xml/misc.h/Users/anisbenyoub/Documents/Cours/GL/GL-XML/src/xml/pcdata.cpp/Users/anisbenyoub/Documents/Cours/GL/GL-XML/src/xml/pcdata.h/Users/anisbenyoub/Documents/Cours/GL/GL-XML/src/xml/xmlattribute.cpp/Users/anisbenyoub/Documents/Cours/GL/GL-XML/src/xml/xmlattribute.h/Users/anisbenyoub/Documents/Cours/GL/GL-XML/src/xml/xmlcontent.cpp/Users/anisbenyoub/Documents/Cours/GL/GL-XML/src/xml/xmlcontent.h
-- Configuring done
-- Generating done
-- Build files have been written to: /Users/anisbenyoub/Documents/Cours/GL/GL-XML/build
anisbenyoub@eduroinsa176:~/Documents/Cours/GL/GL-XML/build$ make
Scanning dependencies of target xmlsample
[ 14%] Building CXX object test/xmlsample/CMakeFiles/xmlsample.dir/__/__/src/xml/documentxml.cpp.o
In file included from /Users/anisbenyoub/Documents/Cours/GL/GL-XML/src/xml/documentxml.cpp:1:
In file included from /Users/anisbenyoub/Documents/Cours/GL/GL-XML/src/xml/documentxml.h:4:
/Users/anisbenyoub/Documents/Cours/GL/GL-XML/src/xml/element.h:2:10: fatal error: 'content.h' file not found
#include "content.h"
         ^
1 error generated.
make[2]: *** [test/xmlsample/CMakeFiles/xmlsample.dir/__/__/src/xml/documentxml.cpp.o] Error 1
make[1]: *** [test/xmlsample/CMakeFiles/xmlsample.dir/all] Error 2
make: *** [all] Error 2
anisbenyoub@eduroinsa176:~/Documents/Cours/GL/GL-XML/build$ make
[ 14%] Building CXX object test/xmlsample/CMakeFiles/xmlsample.dir/__/__/src/xml/documentxml.cpp.o
In file included from /Users/anisbenyoub/Documents/Cours/GL/GL-XML/src/xml/documentxml.cpp:1:
In file included from /Users/anisbenyoub/Documents/Cours/GL/GL-XML/src/xml/documentxml.h:4:
/Users/anisbenyoub/Documents/Cours/GL/GL-XML/src/xml/element.h:7:17: error: expected ')'
        Element(string aType, std::list<XMLContent*> aXMLContent);
                       ^
/Users/anisbenyoub/Documents/Cours/GL/GL-XML/src/xml/element.h:7:9: note: to match this '('
        Element(string aType, std::list<XMLContent*> aXMLContent);
               ^
/Users/anisbenyoub/Documents/Cours/GL/GL-XML/src/xml/element.h:7:10: error: field has incomplete type 'Element'
        Element(string aType, std::list<XMLContent*> aXMLContent);
                ^
/Users/anisbenyoub/Documents/Cours/GL/GL-XML/src/xml/element.h:4:7: note: definition of 'Element' is not complete until the closing '}'
class Element : public XMLContent
      ^
/Users/anisbenyoub/Documents/Cours/GL/GL-XML/src/xml/element.h:8:17: error: expected ')'
        Element(string aType);
                       ^
/Users/anisbenyoub/Documents/Cours/GL/GL-XML/src/xml/element.h:8:9: note: to match this '('
        Element(string aType);
               ^
/Users/anisbenyoub/Documents/Cours/GL/GL-XML/src/xml/element.h:8:10: error: duplicate member 'string'
        Element(string aType);
                ^
/Users/anisbenyoub/Documents/Cours/GL/GL-XML/src/xml/element.h:7:10: note: previous declaration is here
        Element(string aType, std::list<XMLContent*> aXMLContent);
                ^
In file included from /Users/anisbenyoub/Documents/Cours/GL/GL-XML/src/xml/documentxml.cpp:1:
/Users/anisbenyoub/Documents/Cours/GL/GL-XML/src/xml/documentxml.h:12:2: error: unknown type name 'Misc'
        Misc comments;
        ^
/Users/anisbenyoub/Documents/Cours/GL/GL-XML/src/xml/documentxml.cpp:6:2: error: use of undeclared identifier 'name'
        name = aName;
        ^
/Users/anisbenyoub/Documents/Cours/GL/GL-XML/src/xml/documentxml.cpp:7:2: error: use of undeclared identifier 'name2'
        name2 = aName2;
        ^
/Users/anisbenyoub/Documents/Cours/GL/GL-XML/src/xml/documentxml.cpp:8:2: error: use of undeclared identifier 'value'
        value = aValue;
        ^
8 errors generated.
make[2]: *** [test/xmlsample/CMakeFiles/xmlsample.dir/__/__/src/xml/documentxml.cpp.o] Error 1
make[1]: *** [test/xmlsample/CMakeFiles/xmlsample.dir/all] Error 2
make: *** [all] Error 2
anisbenyoub@eduroinsa176:~/Documents/Cours/GL/GL-XML/build$ make
[ 14%] Building CXX object test/xmlsample/CMakeFiles/xmlsample.dir/__/__/src/xml/documentxml.cpp.o
In file included from /Users/anisbenyoub/Documents/Cours/GL/GL-XML/src/xml/documentxml.cpp:1:
In file included from /Users/anisbenyoub/Documents/Cours/GL/GL-XML/src/xml/documentxml.h:4:
/Users/anisbenyoub/Documents/Cours/GL/GL-XML/src/xml/element.h:7:17: error: expected ')'
        Element(string aType, std::list<XMLContent*> aXMLContent);
                       ^
/Users/anisbenyoub/Documents/Cours/GL/GL-XML/src/xml/element.h:7:9: note: to match this '('
        Element(string aType, std::list<XMLContent*> aXMLContent);
               ^
/Users/anisbenyoub/Documents/Cours/GL/GL-XML/src/xml/element.h:7:10: error: field has incomplete type 'Element'
        Element(string aType, std::list<XMLContent*> aXMLContent);
                ^
/Users/anisbenyoub/Documents/Cours/GL/GL-XML/src/xml/element.h:4:7: note: definition of 'Element' is not complete until the closing '}'
class Element : public XMLContent
      ^
/Users/anisbenyoub/Documents/Cours/GL/GL-XML/src/xml/element.h:8:17: error: expected ')'
        Element(string aType);
                       ^
/Users/anisbenyoub/Documents/Cours/GL/GL-XML/src/xml/element.h:8:9: note: to match this '('
        Element(string aType);
               ^
/Users/anisbenyoub/Documents/Cours/GL/GL-XML/src/xml/element.h:8:10: error: duplicate member 'string'
        Element(string aType);
                ^
/Users/anisbenyoub/Documents/Cours/GL/GL-XML/src/xml/element.h:7:10: note: previous declaration is here
        Element(string aType, std::list<XMLContent*> aXMLContent);
                ^
/Users/anisbenyoub/Documents/Cours/GL/GL-XML/src/xml/documentxml.cpp:4:14: error: constructor for 'DocumentXML' must explicitly initialize the member 'comments' which does not
      have a default constructor
DocumentXML::DocumentXML(string aName, string aName2, string aValue)
             ^
/Users/anisbenyoub/Documents/Cours/GL/GL-XML/src/xml/documentxml.h:13:7: note: member is declared here
        Misc comments;
             ^
/Users/anisbenyoub/Documents/Cours/GL/GL-XML/src/xml/misc.h:6:7: note: 'Misc' declared here
class Misc {
      ^
/Users/anisbenyoub/Documents/Cours/GL/GL-XML/src/xml/documentxml.cpp:6:2: error: use of undeclared identifier 'name'
        name = aName;
        ^
/Users/anisbenyoub/Documents/Cours/GL/GL-XML/src/xml/documentxml.cpp:7:2: error: use of undeclared identifier 'name2'
        name2 = aName2;
        ^
/Users/anisbenyoub/Documents/Cours/GL/GL-XML/src/xml/documentxml.cpp:8:2: error: use of undeclared identifier 'value'
        value = aValue;
        ^
8 errors generated.
make[2]: *** [test/xmlsample/CMakeFiles/xmlsample.dir/__/__/src/xml/documentxml.cpp.o] Error 1
make[1]: *** [test/xmlsample/CMakeFiles/xmlsample.dir/all] Error 2
make: *** [all] Error 2
anisbenyoub@eduroinsa176:~/Documents/Cours/GL/GL-XML/build$ make
[ 14%] Building CXX object test/xmlsample/CMakeFiles/xmlsample.dir/__/__/src/xml/documentxml.cpp.o
In file included from /Users/anisbenyoub/Documents/Cours/GL/GL-XML/src/xml/documentxml.cpp:1:
In file included from /Users/anisbenyoub/Documents/Cours/GL/GL-XML/src/xml/documentxml.h:4:
/Users/anisbenyoub/Documents/Cours/GL/GL-XML/src/xml/element.h:7:17: error: expected ')'
        Element(string aType, std::list<XMLContent*> aXMLContent);
                       ^
/Users/anisbenyoub/Documents/Cours/GL/GL-XML/src/xml/element.h:7:9: note: to match this '('
        Element(string aType, std::list<XMLContent*> aXMLContent);
               ^
/Users/anisbenyoub/Documents/Cours/GL/GL-XML/src/xml/element.h:7:10: error: field has incomplete type 'Element'
        Element(string aType, std::list<XMLContent*> aXMLContent);
                ^
/Users/anisbenyoub/Documents/Cours/GL/GL-XML/src/xml/element.h:4:7: note: definition of 'Element' is not complete until the closing '}'
class Element : public XMLContent
      ^
/Users/anisbenyoub/Documents/Cours/GL/GL-XML/src/xml/element.h:8:17: error: expected ')'
        Element(string aType);
                       ^
/Users/anisbenyoub/Documents/Cours/GL/GL-XML/src/xml/element.h:8:9: note: to match this '('
        Element(string aType);
               ^
/Users/anisbenyoub/Documents/Cours/GL/GL-XML/src/xml/element.h:8:10: error: duplicate member 'string'
        Element(string aType);
                ^
/Users/anisbenyoub/Documents/Cours/GL/GL-XML/src/xml/element.h:7:10: note: previous declaration is here
        Element(string aType, std::list<XMLContent*> aXMLContent);
                ^
/Users/anisbenyoub/Documents/Cours/GL/GL-XML/src/xml/documentxml.cpp:4:14: error: constructor for 'DocumentXML' must explicitly initialize the member 'comments' which does not
      have a default constructor
DocumentXML::DocumentXML(string aName, string aName2, string aValue)
             ^
/Users/anisbenyoub/Documents/Cours/GL/GL-XML/src/xml/documentxml.h:13:7: note: member is declared here
        Misc comments;
             ^
/Users/anisbenyoub/Documents/Cours/GL/GL-XML/src/xml/misc.h:6:7: note: 'Misc' declared here
class Misc {
      ^
5 errors generated.
make[2]: *** [test/xmlsample/CMakeFiles/xmlsample.dir/__/__/src/xml/documentxml.cpp.o] Error 1
make[1]: *** [test/xmlsample/CMakeFiles/xmlsample.dir/all] Error 2
make: *** [all] Error 2
anisbenyoub@eduroinsa176:~/Documents/Cours/GL/GL-XML/build$ make
[ 14%] Building CXX object test/xmlsample/CMakeFiles/xmlsample.dir/__/__/src/xml/documentxml.cpp.o
In file included from /Users/anisbenyoub/Documents/Cours/GL/GL-XML/src/xml/documentxml.cpp:1:
In file included from /Users/anisbenyoub/Documents/Cours/GL/GL-XML/src/xml/documentxml.h:4:
/Users/anisbenyoub/Documents/Cours/GL/GL-XML/src/xml/element.h:7:17: error: expected ')'
        Element(string aType, std::list<XMLContent*> aXMLContent);
                       ^
/Users/anisbenyoub/Documents/Cours/GL/GL-XML/src/xml/element.h:7:9: note: to match this '('
        Element(string aType, std::list<XMLContent*> aXMLContent);
               ^
/Users/anisbenyoub/Documents/Cours/GL/GL-XML/src/xml/element.h:7:10: error: field has incomplete type 'Element'
        Element(string aType, std::list<XMLContent*> aXMLContent);
                ^
/Users/anisbenyoub/Documents/Cours/GL/GL-XML/src/xml/element.h:4:7: note: definition of 'Element' is not complete until the closing '}'
class Element : public XMLContent
      ^
/Users/anisbenyoub/Documents/Cours/GL/GL-XML/src/xml/element.h:8:17: error: expected ')'
        Element(string aType);
                       ^
/Users/anisbenyoub/Documents/Cours/GL/GL-XML/src/xml/element.h:8:9: note: to match this '('
        Element(string aType);
               ^
/Users/anisbenyoub/Documents/Cours/GL/GL-XML/src/xml/element.h:8:10: error: duplicate member 'string'
        Element(string aType);
                ^
/Users/anisbenyoub/Documents/Cours/GL/GL-XML/src/xml/element.h:7:10: note: previous declaration is here
        Element(string aType, std::list<XMLContent*> aXMLContent);
                ^
/Users/anisbenyoub/Documents/Cours/GL/GL-XML/src/xml/documentxml.cpp:4:14: error: constructor for 'DocumentXML' must explicitly initialize the member 'comments' which does not
      have a default constructor
DocumentXML::DocumentXML(string aName, string aName2, string aValue)
             ^
/Users/anisbenyoub/Documents/Cours/GL/GL-XML/src/xml/documentxml.h:13:7: note: member is declared here
        Misc comments;
             ^
/Users/anisbenyoub/Documents/Cours/GL/GL-XML/src/xml/misc.h:6:7: note: 'Misc' declared here
class Misc {
      ^
5 errors generated.
make[2]: *** [test/xmlsample/CMakeFiles/xmlsample.dir/__/__/src/xml/documentxml.cpp.o] Error 1
make[1]: *** [test/xmlsample/CMakeFiles/xmlsample.dir/all] Error 2
make: *** [all] Error 2
anisbenyoub@eduroinsa176:~/Documents/Cours/GL/GL-XML/build$ make
[ 14%] Building CXX object test/xmlsample/CMakeFiles/xmlsample.dir/__/__/src/xml/documentxml.cpp.o
In file included from /Users/anisbenyoub/Documents/Cours/GL/GL-XML/src/xml/documentxml.cpp:1:
In file included from /Users/anisbenyoub/Documents/Cours/GL/GL-XML/src/xml/documentxml.h:4:
/Users/anisbenyoub/Documents/Cours/GL/GL-XML/src/xml/element.h:14:7: error: expected a class or namespace
        std::std::string mType;
        ~~~~~^
/Users/anisbenyoub/Documents/Cours/GL/GL-XML/src/xml/documentxml.cpp:4:14: error: constructor for 'DocumentXML' must explicitly initialize the member 'comments' which does not
      have a default constructor
DocumentXML::DocumentXML(string aName, string aName2, string aValue)
             ^
/Users/anisbenyoub/Documents/Cours/GL/GL-XML/src/xml/documentxml.h:13:7: note: member is declared here
        Misc comments;
             ^
/Users/anisbenyoub/Documents/Cours/GL/GL-XML/src/xml/misc.h:6:7: note: 'Misc' declared here
class Misc {
      ^
2 errors generated.
make[2]: *** [test/xmlsample/CMakeFiles/xmlsample.dir/__/__/src/xml/documentxml.cpp.o] Error 1
make[1]: *** [test/xmlsample/CMakeFiles/xmlsample.dir/all] Error 2
make: *** [all] Error 2
anisbenyoub@eduroinsa176:~/Documents/Cours/GL/GL-XML/build$ make
[ 14%] Building CXX object test/xmlsample/CMakeFiles/xmlsample.dir/__/__/src/xml/documentxml.cpp.o
/Users/anisbenyoub/Documents/Cours/GL/GL-XML/src/xml/documentxml.cpp:4:14: error: constructor for 'DocumentXML' must explicitly initialize the member 'mRoot' which does not
      have a default constructor
DocumentXML::DocumentXML(string aName, string aName2, string aValue)
             ^
/Users/anisbenyoub/Documents/Cours/GL/GL-XML/src/xml/documentxml.h:10:10: note: member is declared here
        Element mRoot;
                ^
/Users/anisbenyoub/Documents/Cours/GL/GL-XML/src/xml/element.h:4:7: note: 'Element' declared here
class Element : public XMLContent
      ^
/Users/anisbenyoub/Documents/Cours/GL/GL-XML/src/xml/documentxml.cpp:4:14: error: constructor for 'DocumentXML' must explicitly initialize the member 'comments' which does not
      have a default constructor
DocumentXML::DocumentXML(string aName, string aName2, string aValue)
             ^
/Users/anisbenyoub/Documents/Cours/GL/GL-XML/src/xml/documentxml.h:13:7: note: member is declared here
        Misc comments;
             ^
/Users/anisbenyoub/Documents/Cours/GL/GL-XML/src/xml/misc.h:6:7: note: 'Misc' declared here
class Misc {
      ^
2 errors generated.
make[2]: *** [test/xmlsample/CMakeFiles/xmlsample.dir/__/__/src/xml/documentxml.cpp.o] Error 1
make[1]: *** [test/xmlsample/CMakeFiles/xmlsample.dir/all] Error 2
make: *** [all] Error 2
anisbenyoub@eduroinsa176:~/Documents/Cours/GL/GL-XML/build$ make
[ 14%] Building CXX object test/xmlsample/CMakeFiles/xmlsample.dir/__/__/src/xml/documentxml.cpp.o
/Users/anisbenyoub/Documents/Cours/GL/GL-XML/src/xml/documentxml.cpp:4:14: error: constructor for 'DocumentXML' must explicitly initialize the member 'comments' which does not
      have a default constructor
DocumentXML::DocumentXML(string aName, string aName2, string aValue)
             ^
/Users/anisbenyoub/Documents/Cours/GL/GL-XML/src/xml/documentxml.h:13:7: note: member is declared here
        Misc comments;
             ^
/Users/anisbenyoub/Documents/Cours/GL/GL-XML/src/xml/misc.h:6:7: note: 'Misc' declared here
class Misc {
      ^
1 error generated.
make[2]: *** [test/xmlsample/CMakeFiles/xmlsample.dir/__/__/src/xml/documentxml.cpp.o] Error 1
make[1]: *** [test/xmlsample/CMakeFiles/xmlsample.dir/all] Error 2
make: *** [all] Error 2
anisbenyoub@eduroinsa176:~/Documents/Cours/GL/GL-XML/build$ make
[ 14%] Building CXX object test/xmlsample/CMakeFiles/xmlsample.dir/__/__/src/xml/documentxml.cpp.o
[ 28%] Building CXX object test/xmlsample/CMakeFiles/xmlsample.dir/__/__/src/xml/element.cpp.o
In file included from /Users/anisbenyoub/Documents/Cours/GL/GL-XML/src/xml/element.cpp:1:
/Users/anisbenyoub/Documents/Cours/GL/GL-XML/src/xml/element.h:13:14: error: implicit instantiation of undefined template 'std::basic_string<char, std::char_traits<char>,
      std::allocator<char> >'
        std::string mType;
                    ^
/usr/include/c++/4.2.1/bits/stringfwd.h:55:11: note: template is declared here
    class basic_string;
          ^
/Users/anisbenyoub/Documents/Cours/GL/GL-XML/src/xml/element.cpp:4:10: error: qualified reference to 'Element' is a constructor name rather than a type wherever a constructor
      can be declared
Element::Element(string aType, std::list<Content*> aContent)
         ^
/Users/anisbenyoub/Documents/Cours/GL/GL-XML/src/xml/element.cpp:4:25: error: expected ')'
Element::Element(string aType, std::list<Content*> aContent)
                        ^
/Users/anisbenyoub/Documents/Cours/GL/GL-XML/src/xml/element.cpp:4:17: note: to match this '('
Element::Element(string aType, std::list<Content*> aContent)
                ^
/Users/anisbenyoub/Documents/Cours/GL/GL-XML/src/xml/element.cpp:4:61: error: expected ';' after top level declarator
Element::Element(string aType, std::list<Content*> aContent)
                                                            ^
                                                            ;
/Users/anisbenyoub/Documents/Cours/GL/GL-XML/src/xml/element.cpp:25:1: error: expected unqualified-id
{
^
/Users/anisbenyoub/Documents/Cours/GL/GL-XML/src/xml/element.cpp:29:1: error: expected external declaration
};
^
6 errors generated.
make[2]: *** [test/xmlsample/CMakeFiles/xmlsample.dir/__/__/src/xml/element.cpp.o] Error 1
make[1]: *** [test/xmlsample/CMakeFiles/xmlsample.dir/all] Error 2
make: *** [all] Error 2
anisbenyoub@eduroinsa176:~/Documents/Cours/GL/GL-XML/build$ make
Scanning dependencies of target xmlsample
[ 14%] Building CXX object test/xmlsample/CMakeFiles/xmlsample.dir/__/__/src/xml/documentxml.cpp.o
[ 28%] Building CXX object test/xmlsample/CMakeFiles/xmlsample.dir/__/__/src/xml/element.cpp.o
In file included from /Users/anisbenyoub/Documents/Cours/GL/GL-XML/src/xml/element.cpp:1:
/Users/anisbenyoub/Documents/Cours/GL/GL-XML/src/xml/element.h:13:14: error: implicit instantiation of undefined template 'std::basic_string<char, std::char_traits<char>,
      std::allocator<char> >'
        std::string mType;
                    ^
/usr/include/c++/4.2.1/bits/stringfwd.h:55:11: note: template is declared here
    class basic_string;
          ^
/Users/anisbenyoub/Documents/Cours/GL/GL-XML/src/xml/element.cpp:4:10: error: qualified reference to 'Element' is a constructor name rather than a type wherever a constructor
      can be declared
Element::Element(string aType, std::list<Content*> aContent)
         ^
/Users/anisbenyoub/Documents/Cours/GL/GL-XML/src/xml/element.cpp:4:25: error: expected ')'
Element::Element(string aType, std::list<Content*> aContent)
                        ^
/Users/anisbenyoub/Documents/Cours/GL/GL-XML/src/xml/element.cpp:4:17: note: to match this '('
Element::Element(string aType, std::list<Content*> aContent)
                ^
/Users/anisbenyoub/Documents/Cours/GL/GL-XML/src/xml/element.cpp:4:61: error: expected ';' after top level declarator
Element::Element(string aType, std::list<Content*> aContent)
                                                            ^
                                                            ;
/Users/anisbenyoub/Documents/Cours/GL/GL-XML/src/xml/element.cpp:25:1: error: expected unqualified-id
{
^
/Users/anisbenyoub/Documents/Cours/GL/GL-XML/src/xml/element.cpp:29:1: error: expected external declaration
};
^
6 errors generated.
make[2]: *** [test/xmlsample/CMakeFiles/xmlsample.dir/__/__/src/xml/element.cpp.o] Error 1
make[1]: *** [test/xmlsample/CMakeFiles/xmlsample.dir/all] Error 2
make: *** [all] Error 2
anisbenyoub@eduroinsa176:~/Documents/Cours/GL/GL-XML/build$ make
Scanning dependencies of target xmlsample
[ 14%] Building CXX object test/xmlsample/CMakeFiles/xmlsample.dir/xmlsample.cpp.o
/Users/anisbenyoub/Documents/Cours/GL/GL-XML/test/xmlsample/xmlsample.cpp:5:15: warning: conversion from string literal to 'char *' is deprecated
      [-Wdeprecated-writable-strings]
        PCData aData("hihi");
                     ^
1 warning generated.
[ 28%] Building CXX object test/xmlsample/CMakeFiles/xmlsample.dir/__/__/src/xml/documentxml.cpp.o
[ 42%] Building CXX object test/xmlsample/CMakeFiles/xmlsample.dir/__/__/src/xml/element.cpp.o
/Users/anisbenyoub/Documents/Cours/GL/GL-XML/src/xml/element.cpp:4:10: error: qualified reference to 'Element' is a constructor name rather than a type wherever a constructor
      can be declared
Element::Element(string aType, std::list<Content*> aContent)
         ^
/Users/anisbenyoub/Documents/Cours/GL/GL-XML/src/xml/element.cpp:4:25: error: expected ')'
Element::Element(string aType, std::list<Content*> aContent)
                        ^
/Users/anisbenyoub/Documents/Cours/GL/GL-XML/src/xml/element.cpp:4:17: note: to match this '('
Element::Element(string aType, std::list<Content*> aContent)
                ^
/Users/anisbenyoub/Documents/Cours/GL/GL-XML/src/xml/element.cpp:4:18: error: no matching constructor for initialization of 'Element::Element'
Element::Element(string aType, std::list<Content*> aContent)
                 ^
/Users/anisbenyoub/Documents/Cours/GL/GL-XML/src/xml/element.h:8:2: note: candidate constructor not viable: requires 2 arguments, but 0 were provided
        Element(std::string aType, std::list<XMLContent*> aXMLContent);
        ^
/Users/anisbenyoub/Documents/Cours/GL/GL-XML/src/xml/element.h:9:2: note: candidate constructor not viable: requires 1 argument, but 0 were provided
        Element(std::string aType);
        ^
/Users/anisbenyoub/Documents/Cours/GL/GL-XML/src/xml/element.h:5:7: note: candidate constructor (the implicit copy constructor) not viable: requires 1 argument, but 0 were
      provided
class Element : public XMLContent
      ^
/Users/anisbenyoub/Documents/Cours/GL/GL-XML/src/xml/element.cpp:4:61: error: expected ';' after top level declarator
Element::Element(string aType, std::list<Content*> aContent)
                                                            ^
                                                            ;
/Users/anisbenyoub/Documents/Cours/GL/GL-XML/src/xml/element.cpp:25:1: error: expected unqualified-id
{
^
/Users/anisbenyoub/Documents/Cours/GL/GL-XML/src/xml/element.cpp:29:1: error: expected external declaration
};
^
6 errors generated.
make[2]: *** [test/xmlsample/CMakeFiles/xmlsample.dir/__/__/src/xml/element.cpp.o] Error 1
make[1]: *** [test/xmlsample/CMakeFiles/xmlsample.dir/all] Error 2
make: *** [all] Error 2
anisbenyoub@eduroinsa176:~/Documents/Cours/GL/GL-XML/build$ make
Scanning dependencies of target xmlsample
[ 14%] Building CXX object test/xmlsample/CMakeFiles/xmlsample.dir/__/__/src/xml/documentxml.cpp.o
[ 28%] Building CXX object test/xmlsample/CMakeFiles/xmlsample.dir/__/__/src/xml/element.cpp.o
/Users/anisbenyoub/Documents/Cours/GL/GL-XML/src/xml/element.cpp:4:10: error: qualified reference to 'Element' is a constructor name rather than a type wherever a constructor
      can be declared
Element::Element(string aType, std::list<Content*> aContent)
         ^
/Users/anisbenyoub/Documents/Cours/GL/GL-XML/src/xml/element.cpp:4:25: error: expected ')'
Element::Element(string aType, std::list<Content*> aContent)
                        ^
/Users/anisbenyoub/Documents/Cours/GL/GL-XML/src/xml/element.cpp:4:17: note: to match this '('
Element::Element(string aType, std::list<Content*> aContent)
                ^
/Users/anisbenyoub/Documents/Cours/GL/GL-XML/src/xml/element.cpp:4:18: error: no matching constructor for initialization of 'Element::Element'
Element::Element(string aType, std::list<Content*> aContent)
                 ^
/Users/anisbenyoub/Documents/Cours/GL/GL-XML/src/xml/element.h:9:2: note: candidate constructor not viable: requires 1 argument, but 0 were provided
        Element(std::string aType);
        ^
/Users/anisbenyoub/Documents/Cours/GL/GL-XML/src/xml/element.h:5:7: note: candidate constructor (the implicit copy constructor) not viable: requires 1 argument, but 0 were
      provided
class Element : public XMLContent
      ^
/Users/anisbenyoub/Documents/Cours/GL/GL-XML/src/xml/element.cpp:4:61: error: expected ';' after top level declarator
Element::Element(string aType, std::list<Content*> aContent)
                                                            ^
                                                            ;
/Users/anisbenyoub/Documents/Cours/GL/GL-XML/src/xml/element.cpp:25:1: error: expected unqualified-id
{
^
/Users/anisbenyoub/Documents/Cours/GL/GL-XML/src/xml/element.cpp:29:1: error: expected external declaration
};
^
6 errors generated.
make[2]: *** [test/xmlsample/CMakeFiles/xmlsample.dir/__/__/src/xml/element.cpp.o] Error 1
make[1]: *** [test/xmlsample/CMakeFiles/xmlsample.dir/all] Error 2
make: *** [all] Error 2
anisbenyoub@eduroinsa176:~/Documents/Cours/GL/GL-XML/build$ make
Scanning dependencies of target xmlsample
[ 14%] Building CXX object test/xmlsample/CMakeFiles/xmlsample.dir/__/__/src/xml/documentxml.cpp.o
[ 28%] Building CXX object test/xmlsample/CMakeFiles/xmlsample.dir/__/__/src/xml/element.cpp.o
/Users/anisbenyoub/Documents/Cours/GL/GL-XML/src/xml/element.cpp:4:10: error: qualified reference to 'Element' is a constructor name rather than a type wherever a constructor
      can be declared
Element::Element(string aType, std::list<Content*> aContent)
         ^
/Users/anisbenyoub/Documents/Cours/GL/GL-XML/src/xml/element.cpp:4:25: error: expected ')'
Element::Element(string aType, std::list<Content*> aContent)
                        ^
/Users/anisbenyoub/Documents/Cours/GL/GL-XML/src/xml/element.cpp:4:17: note: to match this '('
Element::Element(string aType, std::list<Content*> aContent)
                ^
/Users/anisbenyoub/Documents/Cours/GL/GL-XML/src/xml/element.cpp:4:18: error: no matching constructor for initialization of 'Element::Element'
Element::Element(string aType, std::list<Content*> aContent)
                 ^
/Users/anisbenyoub/Documents/Cours/GL/GL-XML/src/xml/element.h:8:2: note: candidate constructor not viable: requires 2 arguments, but 0 were provided
        Element(std::string aType, std::list<XMLContent*> aXMLContent);
        ^
/Users/anisbenyoub/Documents/Cours/GL/GL-XML/src/xml/element.h:9:2: note: candidate constructor not viable: requires 1 argument, but 0 were provided
        Element(std::string aType);
        ^
/Users/anisbenyoub/Documents/Cours/GL/GL-XML/src/xml/element.h:5:7: note: candidate constructor (the implicit copy constructor) not viable: requires 1 argument, but 0 were
      provided
class Element : public XMLContent
      ^
/Users/anisbenyoub/Documents/Cours/GL/GL-XML/src/xml/element.cpp:4:61: error: expected ';' after top level declarator
Element::Element(string aType, std::list<Content*> aContent)
                                                            ^
                                                            ;
/Users/anisbenyoub/Documents/Cours/GL/GL-XML/src/xml/element.cpp:25:1: error: expected unqualified-id
{
^
/Users/anisbenyoub/Documents/Cours/GL/GL-XML/src/xml/element.cpp:29:1: error: expected external declaration
};
^
6 errors generated.
make[2]: *** [test/xmlsample/CMakeFiles/xmlsample.dir/__/__/src/xml/element.cpp.o] Error 1
make[1]: *** [test/xmlsample/CMakeFiles/xmlsample.dir/all] Error 2
make: *** [all] Error 2
anisbenyoub@eduroinsa176:~/Documents/Cours/GL/GL-XML/build$ make
Scanning dependencies of target xmlsample
[ 14%] Building CXX object test/xmlsample/CMakeFiles/xmlsample.dir/__/__/src/xml/documentxml.cpp.o
[ 28%] Building CXX object test/xmlsample/CMakeFiles/xmlsample.dir/__/__/src/xml/element.cpp.o
/Users/anisbenyoub/Documents/Cours/GL/GL-XML/src/xml/element.cpp:4:10: error: qualified reference to 'Element' is a constructor name rather than a type wherever a constructor
      can be declared
Element::Element(string aType, std::list<Content*> aContent)
         ^
/Users/anisbenyoub/Documents/Cours/GL/GL-XML/src/xml/element.cpp:4:25: error: expected ')'
Element::Element(string aType, std::list<Content*> aContent)
                        ^
/Users/anisbenyoub/Documents/Cours/GL/GL-XML/src/xml/element.cpp:4:17: note: to match this '('
Element::Element(string aType, std::list<Content*> aContent)
                ^
/Users/anisbenyoub/Documents/Cours/GL/GL-XML/src/xml/element.cpp:4:18: error: no matching constructor for initialization of 'Element::Element'
Element::Element(string aType, std::list<Content*> aContent)
                 ^
/Users/anisbenyoub/Documents/Cours/GL/GL-XML/src/xml/element.h:8:2: note: candidate constructor not viable: requires 2 arguments, but 0 were provided
        Element(std::string aType, std::list<XMLContent*> aXMLContent);
        ^
/Users/anisbenyoub/Documents/Cours/GL/GL-XML/src/xml/element.h:5:7: note: candidate constructor (the implicit copy constructor) not viable: requires 1 argument, but 0 were
      provided
class Element : public XMLContent
      ^
/Users/anisbenyoub/Documents/Cours/GL/GL-XML/src/xml/element.cpp:4:61: error: expected ';' after top level declarator
Element::Element(string aType, std::list<Content*> aContent)
                                                            ^
                                                            ;
/Users/anisbenyoub/Documents/Cours/GL/GL-XML/src/xml/element.cpp:22:1: error: expected unqualified-id
{
^
/Users/anisbenyoub/Documents/Cours/GL/GL-XML/src/xml/element.cpp:26:1: error: expected external declaration
};
^
6 errors generated.
make[2]: *** [test/xmlsample/CMakeFiles/xmlsample.dir/__/__/src/xml/element.cpp.o] Error 1
make[1]: *** [test/xmlsample/CMakeFiles/xmlsample.dir/all] Error 2
make: *** [all] Error 2
anisbenyoub@eduroinsa176:~/Documents/Cours/GL/GL-XML/build$ make
[ 14%] Building CXX object test/xmlsample/CMakeFiles/xmlsample.dir/__/__/src/xml/element.cpp.o
/Users/anisbenyoub/Documents/Cours/GL/GL-XML/src/xml/element.cpp:4:10: error: qualified reference to 'Element' is a constructor name rather than a type wherever a constructor
      can be declared
Element::Element(string aType, std::list<Content*> aContent)
         ^
/Users/anisbenyoub/Documents/Cours/GL/GL-XML/src/xml/element.cpp:4:25: error: expected ')'
Element::Element(string aType, std::list<Content*> aContent)
                        ^
/Users/anisbenyoub/Documents/Cours/GL/GL-XML/src/xml/element.cpp:4:17: note: to match this '('
Element::Element(string aType, std::list<Content*> aContent)
                ^
/Users/anisbenyoub/Documents/Cours/GL/GL-XML/src/xml/element.cpp:4:18: error: no matching constructor for initialization of 'Element::Element'
Element::Element(string aType, std::list<Content*> aContent)
                 ^
/Users/anisbenyoub/Documents/Cours/GL/GL-XML/src/xml/element.h:8:2: note: candidate constructor not viable: requires 2 arguments, but 0 were provided
        Element(std::string aType, std::list<XMLContent*> aXMLContent);
        ^
/Users/anisbenyoub/Documents/Cours/GL/GL-XML/src/xml/element.h:5:7: note: candidate constructor (the implicit copy constructor) not viable: requires 1 argument, but 0 were
      provided
class Element : public XMLContent
      ^
/Users/anisbenyoub/Documents/Cours/GL/GL-XML/src/xml/element.cpp:4:61: error: expected ';' after top level declarator
Element::Element(string aType, std::list<Content*> aContent)
                                                            ^
                                                            ;
/Users/anisbenyoub/Documents/Cours/GL/GL-XML/src/xml/element.cpp:25:1: error: expected unqualified-id
{
^
/Users/anisbenyoub/Documents/Cours/GL/GL-XML/src/xml/element.cpp:29:1: error: expected external declaration
};
^
6 errors generated.
make[2]: *** [test/xmlsample/CMakeFiles/xmlsample.dir/__/__/src/xml/element.cpp.o] Error 1
make[1]: *** [test/xmlsample/CMakeFiles/xmlsample.dir/all] Error 2
make: *** [all] Error 2
anisbenyoub@eduroinsa176:~/Documents/Cours/GL/GL-XML/build$ make
Scanning dependencies of target xmlsample
[ 14%] Building CXX object test/xmlsample/CMakeFiles/xmlsample.dir/__/__/src/xml/documentxml.cpp.o
[ 28%] Building CXX object test/xmlsample/CMakeFiles/xmlsample.dir/__/__/src/xml/element.cpp.o
/Users/anisbenyoub/Documents/Cours/GL/GL-XML/src/xml/element.cpp:4:10: error: qualified reference to 'Element' is a constructor name rather than a type wherever a constructor
      can be declared
Element::Element(string aType, std::list<Content*> aContent)
         ^
/Users/anisbenyoub/Documents/Cours/GL/GL-XML/src/xml/element.cpp:4:25: error: expected ')'
Element::Element(string aType, std::list<Content*> aContent)
                        ^
/Users/anisbenyoub/Documents/Cours/GL/GL-XML/src/xml/element.cpp:4:17: note: to match this '('
Element::Element(string aType, std::list<Content*> aContent)
                ^
/Users/anisbenyoub/Documents/Cours/GL/GL-XML/src/xml/element.cpp:4:18: error: no matching constructor for initialization of 'Element::Element'
Element::Element(string aType, std::list<Content*> aContent)
                 ^
/Users/anisbenyoub/Documents/Cours/GL/GL-XML/src/xml/element.h:8:2: note: candidate constructor not viable: requires 2 arguments, but 0 were provided
        Element(std::string aType, std::list<XMLContent*> aXMLContent);
        ^
/Users/anisbenyoub/Documents/Cours/GL/GL-XML/src/xml/element.h:5:7: note: candidate constructor (the implicit copy constructor) not viable: requires 1 argument, but 0 were
      provided
class Element : public XMLContent
      ^
/Users/anisbenyoub/Documents/Cours/GL/GL-XML/src/xml/element.cpp:4:61: error: expected ';' after top level declarator
Element::Element(string aType, std::list<Content*> aContent)
                                                            ^
                                                            ;
/Users/anisbenyoub/Documents/Cours/GL/GL-XML/src/xml/element.cpp:25:1: error: expected unqualified-id
{
^
/Users/anisbenyoub/Documents/Cours/GL/GL-XML/src/xml/element.cpp:29:1: error: expected external declaration
};
^
6 errors generated.
make[2]: *** [test/xmlsample/CMakeFiles/xmlsample.dir/__/__/src/xml/element.cpp.o] Error 1
make[1]: *** [test/xmlsample/CMakeFiles/xmlsample.dir/all] Error 2
make: *** [all] Error 2
anisbenyoub@eduroinsa176:~/Documents/Cours/GL/GL-XML/build$ make
[ 14%] Building CXX object test/xmlsample/CMakeFiles/xmlsample.dir/__/__/src/xml/element.cpp.o
/Users/anisbenyoub/Documents/Cours/GL/GL-XML/src/xml/element.cpp:4:10: error: qualified reference to 'Element' is a constructor name rather than a type wherever a constructor
      can be declared
Element::Element(string aType, std::list<Content*> aContent)
         ^
/Users/anisbenyoub/Documents/Cours/GL/GL-XML/src/xml/element.cpp:4:25: error: expected ')'
Element::Element(string aType, std::list<Content*> aContent)
                        ^
/Users/anisbenyoub/Documents/Cours/GL/GL-XML/src/xml/element.cpp:4:17: note: to match this '('
Element::Element(string aType, std::list<Content*> aContent)
                ^
/Users/anisbenyoub/Documents/Cours/GL/GL-XML/src/xml/element.cpp:4:18: error: no matching constructor for initialization of 'Element::Element'
Element::Element(string aType, std::list<Content*> aContent)
                 ^
/Users/anisbenyoub/Documents/Cours/GL/GL-XML/src/xml/element.h:8:2: note: candidate constructor not viable: requires 2 arguments, but 0 were provided
        Element(std::string aType, std::list<XMLContent*> aXMLContent);
        ^
/Users/anisbenyoub/Documents/Cours/GL/GL-XML/src/xml/element.h:5:7: note: candidate constructor (the implicit copy constructor) not viable: requires 1 argument, but 0 were
      provided
class Element : public XMLContent
      ^
/Users/anisbenyoub/Documents/Cours/GL/GL-XML/src/xml/element.cpp:4:61: error: expected ';' after top level declarator
Element::Element(string aType, std::list<Content*> aContent)
                                                            ^
                                                            ;
/Users/anisbenyoub/Documents/Cours/GL/GL-XML/src/xml/element.cpp:21:1: error: expected unqualified-id
{
^
/Users/anisbenyoub/Documents/Cours/GL/GL-XML/src/xml/element.cpp:25:1: error: expected external declaration
};
^
6 errors generated.
make[2]: *** [test/xmlsample/CMakeFiles/xmlsample.dir/__/__/src/xml/element.cpp.o] Error 1
make[1]: *** [test/xmlsample/CMakeFiles/xmlsample.dir/all] Error 2
make: *** [all] Error 2
anisbenyoub@eduroinsa176:~/Documents/Cours/GL/GL-XML/build$ make
Scanning dependencies of target xmlsample
[ 14%] Building CXX object test/xmlsample/CMakeFiles/xmlsample.dir/__/__/src/xml/documentxml.cpp.o
[ 28%] Building CXX object test/xmlsample/CMakeFiles/xmlsample.dir/__/__/src/xml/element.cpp.o
/Users/anisbenyoub/Documents/Cours/GL/GL-XML/src/xml/element.cpp:4:10: error: qualified reference to 'Element' is a constructor name rather than a type wherever a constructor
      can be declared
Element::Element(string aType, std::list<Content*> aContent)
         ^
/Users/anisbenyoub/Documents/Cours/GL/GL-XML/src/xml/element.cpp:4:25: error: expected ')'
Element::Element(string aType, std::list<Content*> aContent)
                        ^
/Users/anisbenyoub/Documents/Cours/GL/GL-XML/src/xml/element.cpp:4:17: note: to match this '('
Element::Element(string aType, std::list<Content*> aContent)
                ^
/Users/anisbenyoub/Documents/Cours/GL/GL-XML/src/xml/element.cpp:4:18: error: no matching constructor for initialization of 'Element::Element'
Element::Element(string aType, std::list<Content*> aContent)
                 ^
/Users/anisbenyoub/Documents/Cours/GL/GL-XML/src/xml/element.h:8:2: note: candidate constructor not viable: requires 2 arguments, but 0 were provided
        Element(std::string aType, std::list<XMLContent*> aXMLContent);
        ^
/Users/anisbenyoub/Documents/Cours/GL/GL-XML/src/xml/element.h:9:2: note: candidate constructor not viable: requires 1 argument, but 0 were provided
        Element(std::string aType);
        ^
/Users/anisbenyoub/Documents/Cours/GL/GL-XML/src/xml/element.h:5:7: note: candidate constructor (the implicit copy constructor) not viable: requires 1 argument, but 0 were
      provided
class Element : public XMLContent
      ^
/Users/anisbenyoub/Documents/Cours/GL/GL-XML/src/xml/element.cpp:4:61: error: expected ';' after top level declarator
Element::Element(string aType, std::list<Content*> aContent)
                                                            ^
                                                            ;
/Users/anisbenyoub/Documents/Cours/GL/GL-XML/src/xml/element.cpp:25:1: error: expected unqualified-id
{
^
/Users/anisbenyoub/Documents/Cours/GL/GL-XML/src/xml/element.cpp:29:1: error: expected external declaration
};
^
6 errors generated.
make[2]: *** [test/xmlsample/CMakeFiles/xmlsample.dir/__/__/src/xml/element.cpp.o] Error 1
make[1]: *** [test/xmlsample/CMakeFiles/xmlsample.dir/all] Error 2
make: *** [all] Error 2
anisbenyoub@eduroinsa176:~/Documents/Cours/GL/GL-XML/build$ make
[ 14%] Building CXX object test/xmlsample/CMakeFiles/xmlsample.dir/__/__/src/xml/element.cpp.o
/Users/anisbenyoub/Documents/Cours/GL/GL-XML/src/xml/element.cpp:4:47: error: use of undeclared identifier 'Content'; did you mean 'mContent'?
Element::Element(std::string aType, std::list<Content*> aContent)
                                              ^~~~~~~
                                              mContent
/Users/anisbenyoub/Documents/Cours/GL/GL-XML/src/xml/element.h:15:27: note: 'mContent' declared here
        std::list<XMLContent*> * mContent;
                                 ^
/Users/anisbenyoub/Documents/Cours/GL/GL-XML/src/xml/element.cpp:4:47: error: invalid use of nonstatic data member 'mContent'
Element::Element(std::string aType, std::list<Content*> aContent)
                                              ^~~~~~~
/Users/anisbenyoub/Documents/Cours/GL/GL-XML/src/xml/element.cpp:4:55: error: expected expression
Element::Element(std::string aType, std::list<Content*> aContent)
                                                      ^
/Users/anisbenyoub/Documents/Cours/GL/GL-XML/src/xml/element.cpp:19:37: error: use of undeclared identifier 'Content'; did you mean 'mContent'?
void Element::setContents(std::list<Content*> * aContent)
                                    ^~~~~~~
                                    mContent
/Users/anisbenyoub/Documents/Cours/GL/GL-XML/src/xml/element.h:15:27: note: 'mContent' declared here
        std::list<XMLContent*> * mContent;
                                 ^
/Users/anisbenyoub/Documents/Cours/GL/GL-XML/src/xml/element.cpp:19:37: error: invalid use of nonstatic data member 'mContent'
void Element::setContents(std::list<Content*> * aContent)
                                    ^~~~~~~
/Users/anisbenyoub/Documents/Cours/GL/GL-XML/src/xml/element.cpp:19:45: error: expected expression
void Element::setContents(std::list<Content*> * aContent)
                                            ^
/Users/anisbenyoub/Documents/Cours/GL/GL-XML/src/xml/element.cpp:19:37: error: use of undeclared identifier 'Content'; did you mean 'mContent'?
void Element::setContents(std::list<Content*> * aContent)
                                    ^~~~~~~
                                    mContent
/Users/anisbenyoub/Documents/Cours/GL/GL-XML/src/xml/element.h:15:27: note: 'mContent' declared here
        std::list<XMLContent*> * mContent;
                                 ^
/Users/anisbenyoub/Documents/Cours/GL/GL-XML/src/xml/element.cpp:19:37: error: invalid use of nonstatic data member 'mContent'
void Element::setContents(std::list<Content*> * aContent)
                                    ^~~~~~~
/Users/anisbenyoub/Documents/Cours/GL/GL-XML/src/xml/element.cpp:19:45: error: expected expression
void Element::setContents(std::list<Content*> * aContent)
                                            ^
/Users/anisbenyoub/Documents/Cours/GL/GL-XML/src/xml/element.cpp:24:15: error: variable has incomplete type 'void'
void Element::addContent(Content * aContent);
              ^
/Users/anisbenyoub/Documents/Cours/GL/GL-XML/src/xml/element.cpp:24:26: error: use of undeclared identifier 'Content'; did you mean 'mContent'?
void Element::addContent(Content * aContent);
                         ^~~~~~~
                         mContent
/Users/anisbenyoub/Documents/Cours/GL/GL-XML/src/xml/element.h:15:27: note: 'mContent' declared here
        std::list<XMLContent*> * mContent;
                                 ^
/Users/anisbenyoub/Documents/Cours/GL/GL-XML/src/xml/element.cpp:24:26: error: invalid use of nonstatic data member 'mContent'
void Element::addContent(Content * aContent);
                         ^~~~~~~
/Users/anisbenyoub/Documents/Cours/GL/GL-XML/src/xml/element.cpp:24:36: error: use of undeclared identifier 'aContent'
void Element::addContent(Content * aContent);
                                   ^
/Users/anisbenyoub/Documents/Cours/GL/GL-XML/src/xml/element.cpp:25:1: error: expected unqualified-id
{
^
/Users/anisbenyoub/Documents/Cours/GL/GL-XML/src/xml/element.cpp:29:1: error: expected external declaration
};
^
15 errors generated.
make[2]: *** [test/xmlsample/CMakeFiles/xmlsample.dir/__/__/src/xml/element.cpp.o] Error 1
make[1]: *** [test/xmlsample/CMakeFiles/xmlsample.dir/all] Error 2
make: *** [all] Error 2
anisbenyoub@eduroinsa176:~/Documents/Cours/GL/GL-XML/build$ make
[ 14%] Building CXX object test/xmlsample/CMakeFiles/xmlsample.dir/__/__/src/xml/element.cpp.o
/Users/anisbenyoub/Documents/Cours/GL/GL-XML/src/xml/element.cpp:7:11: error: use of undeclared identifier 'aContent'; did you mean 'mContent'?
        mContent=aContent;
                 ^~~~~~~~
                 mContent
/Users/anisbenyoub/Documents/Cours/GL/GL-XML/src/xml/element.h:15:27: note: 'mContent' declared here
        std::list<XMLContent*> * mContent;
                                 ^
/Users/anisbenyoub/Documents/Cours/GL/GL-XML/src/xml/element.cpp:24:15: error: out-of-line definition of 'addContent' does not match any declaration in 'Element'
void Element::addContent(XMLContent * aXMLContent);
              ^~~~~~~~~~
/Users/anisbenyoub/Documents/Cours/GL/GL-XML/src/xml/element.h:12:18: note: type of 1st parameter of member declaration does not match definition
      ('XMLContent &' vs 'XMLContent *')
        void addContent(XMLContent & aXMLContent);
                        ^
/Users/anisbenyoub/Documents/Cours/GL/GL-XML/src/xml/element.cpp:25:1: error: expected unqualified-id
{
^
/Users/anisbenyoub/Documents/Cours/GL/GL-XML/src/xml/element.cpp:29:1: error: expected external declaration
};
^
4 errors generated.
make[2]: *** [test/xmlsample/CMakeFiles/xmlsample.dir/__/__/src/xml/element.cpp.o] Error 1
make[1]: *** [test/xmlsample/CMakeFiles/xmlsample.dir/all] Error 2
make: *** [all] Error 2
anisbenyoub@eduroinsa176:~/Documents/Cours/GL/GL-XML/build$ make
[ 14%] Building CXX object test/xmlsample/CMakeFiles/xmlsample.dir/__/__/src/xml/element.cpp.o
/Users/anisbenyoub/Documents/Cours/GL/GL-XML/src/xml/element.cpp:7:10: error: assigning to 'std::list<XMLContent *> *' from incompatible type 'std::list<XMLContent *>'; take
      the address with &
        mContent=aXMLContent;
                ^~~~~~~~~~~~
                 &
/Users/anisbenyoub/Documents/Cours/GL/GL-XML/src/xml/element.cpp:24:15: error: out-of-line definition of 'addContent' does not match any declaration in 'Element'
void Element::addContent(XMLContent * aXMLContent);
              ^~~~~~~~~~
/Users/anisbenyoub/Documents/Cours/GL/GL-XML/src/xml/element.h:12:18: note: type of 1st parameter of member declaration does not match definition
      ('XMLContent &' vs 'XMLContent *')
        void addContent(XMLContent & aXMLContent);
                        ^
/Users/anisbenyoub/Documents/Cours/GL/GL-XML/src/xml/element.cpp:25:1: error: expected unqualified-id
{
^
/Users/anisbenyoub/Documents/Cours/GL/GL-XML/src/xml/element.cpp:29:1: error: expected external declaration
};
^
4 errors generated.
make[2]: *** [test/xmlsample/CMakeFiles/xmlsample.dir/__/__/src/xml/element.cpp.o] Error 1
make[1]: *** [test/xmlsample/CMakeFiles/xmlsample.dir/all] Error 2
make: *** [all] Error 2
anisbenyoub@eduroinsa176:~/Documents/Cours/GL/GL-XML/build$ make
[ 14%] Building CXX object test/xmlsample/CMakeFiles/xmlsample.dir/__/__/src/xml/element.cpp.o
/Users/anisbenyoub/Documents/Cours/GL/GL-XML/src/xml/element.cpp:4:10: error: out-of-line definition of 'Element' does not match any declaration in 'Element'
Element::Element(std::string aType, std::list<XMLContent*> * aXMLContent)
         ^~~~~~~
/Users/anisbenyoub/Documents/Cours/GL/GL-XML/src/xml/element.h:8:29: note: type of 2nd parameter of member declaration does not match definition ('std::list<XMLContent *>' vs
      'std::list<XMLContent *> *')
        Element(std::string aType, std::list<XMLContent*> aXMLContent);
                                   ^
/Users/anisbenyoub/Documents/Cours/GL/GL-XML/src/xml/element.cpp:24:15: error: out-of-line definition of 'addContent' does not match any declaration in 'Element'
void Element::addContent(XMLContent * aXMLContent);
              ^~~~~~~~~~
/Users/anisbenyoub/Documents/Cours/GL/GL-XML/src/xml/element.h:12:18: note: type of 1st parameter of member declaration does not match definition
      ('XMLContent &' vs 'XMLContent *')
        void addContent(XMLContent & aXMLContent);
                        ^
/Users/anisbenyoub/Documents/Cours/GL/GL-XML/src/xml/element.cpp:25:1: error: expected unqualified-id
{
^
/Users/anisbenyoub/Documents/Cours/GL/GL-XML/src/xml/element.cpp:29:1: error: expected external declaration
};
^
4 errors generated.
make[2]: *** [test/xmlsample/CMakeFiles/xmlsample.dir/__/__/src/xml/element.cpp.o] Error 1
make[1]: *** [test/xmlsample/CMakeFiles/xmlsample.dir/all] Error 2
make: *** [all] Error 2
anisbenyoub@eduroinsa176:~/Documents/Cours/GL/GL-XML/build$ make
Scanning dependencies of target xmlsample
[ 14%] Building CXX object test/xmlsample/CMakeFiles/xmlsample.dir/__/__/src/xml/documentxml.cpp.o
[ 28%] Building CXX object test/xmlsample/CMakeFiles/xmlsample.dir/__/__/src/xml/element.cpp.o
/Users/anisbenyoub/Documents/Cours/GL/GL-XML/src/xml/element.cpp:24:15: error: out-of-line definition of 'addContent' does not match any declaration in 'Element'
void Element::addContent(XMLContent * aXMLContent);
              ^~~~~~~~~~
/Users/anisbenyoub/Documents/Cours/GL/GL-XML/src/xml/element.h:12:18: note: type of 1st parameter of member declaration does not match definition
      ('XMLContent &' vs 'XMLContent *')
        void addContent(XMLContent & aXMLContent);
                        ^
/Users/anisbenyoub/Documents/Cours/GL/GL-XML/src/xml/element.cpp:25:1: error: expected unqualified-id
{
^
/Users/anisbenyoub/Documents/Cours/GL/GL-XML/src/xml/element.cpp:29:1: error: expected external declaration
};
^
3 errors generated.
make[2]: *** [test/xmlsample/CMakeFiles/xmlsample.dir/__/__/src/xml/element.cpp.o] Error 1
make[1]: *** [test/xmlsample/CMakeFiles/xmlsample.dir/all] Error 2
make: *** [all] Error 2
anisbenyoub@eduroinsa176:~/Documents/Cours/GL/GL-XML/build$ make
Scanning dependencies of target xmlsample
[ 14%] Building CXX object test/xmlsample/CMakeFiles/xmlsample.dir/__/__/src/xml/documentxml.cpp.o
[ 28%] Building CXX object test/xmlsample/CMakeFiles/xmlsample.dir/__/__/src/xml/element.cpp.o
/Users/anisbenyoub/Documents/Cours/GL/GL-XML/src/xml/element.cpp:24:15: error: out-of-line declaration of a member must be a definition [-Wout-of-line-declaration]
void Element::addContent(XMLContent * aXMLContent);
     ~~~~~~~~~^
/Users/anisbenyoub/Documents/Cours/GL/GL-XML/src/xml/element.cpp:25:1: error: expected unqualified-id
{
^
/Users/anisbenyoub/Documents/Cours/GL/GL-XML/src/xml/element.cpp:29:1: error: expected external declaration
};
^
3 errors generated.
make[2]: *** [test/xmlsample/CMakeFiles/xmlsample.dir/__/__/src/xml/element.cpp.o] Error 1
make[1]: *** [test/xmlsample/CMakeFiles/xmlsample.dir/all] Error 2
make: *** [all] Error 2
anisbenyoub@eduroinsa176:~/Documents/Cours/GL/GL-XML/build$ make
[ 14%] Building CXX object test/xmlsample/CMakeFiles/xmlsample.dir/__/__/src/xml/element.cpp.o
/Users/anisbenyoub/Documents/Cours/GL/GL-XML/src/xml/element.cpp:29:1: error: expected external declaration
};
^
1 error generated.
make[2]: *** [test/xmlsample/CMakeFiles/xmlsample.dir/__/__/src/xml/element.cpp.o] Error 1
make[1]: *** [test/xmlsample/CMakeFiles/xmlsample.dir/all] Error 2
make: *** [all] Error 2
anisbenyoub@eduroinsa176:~/Documents/Cours/GL/GL-XML/build$ make
[ 14%] Building CXX object test/xmlsample/CMakeFiles/xmlsample.dir/__/__/src/xml/element.cpp.o
[ 28%] Building CXX object test/xmlsample/CMakeFiles/xmlsample.dir/__/__/src/xml/misc.cpp.o
In file included from /Users/anisbenyoub/Documents/Cours/GL/GL-XML/src/xml/misc.cpp:1:
/Users/anisbenyoub/Documents/Cours/GL/GL-XML/src/xml/misc.h:8:2: error: unknown type name 'list'
        list<Misc> *miscs;      
        ^
/Users/anisbenyoub/Documents/Cours/GL/GL-XML/src/xml/misc.h:8:6: error: expected member name or ';' after declaration specifiers
        list<Misc> *miscs;      
        ~~~~^
/Users/anisbenyoub/Documents/Cours/GL/GL-XML/src/xml/misc.cpp:6:2: error: use of undeclared identifier 'name'
        name = _comment;
        ^
/Users/anisbenyoub/Documents/Cours/GL/GL-XML/src/xml/misc.cpp:9:1: error: use of undeclared identifier 'Attribut'
Attribut::~Attribut()
^
/Users/anisbenyoub/Documents/Cours/GL/GL-XML/src/xml/misc.cpp:9:12: error: expected the class name after '~' to name a destructor
Attribut::~Attribut()
           ^
5 errors generated.
make[2]: *** [test/xmlsample/CMakeFiles/xmlsample.dir/__/__/src/xml/misc.cpp.o] Error 1
make[1]: *** [test/xmlsample/CMakeFiles/xmlsample.dir/all] Error 2
make: *** [all] Error 2
anisbenyoub@eduroinsa176:~/Documents/Cours/GL/GL-XML/build$ make
Scanning dependencies of target xmlsample
[ 14%] Building CXX object test/xmlsample/CMakeFiles/xmlsample.dir/__/__/src/xml/documentxml.cpp.o
[ 28%] Building CXX object test/xmlsample/CMakeFiles/xmlsample.dir/__/__/src/xml/misc.cpp.o
In file included from /Users/anisbenyoub/Documents/Cours/GL/GL-XML/src/xml/misc.cpp:1:
/Users/anisbenyoub/Documents/Cours/GL/GL-XML/src/xml/misc.h:7:2: error: unknown type name 'list'
        list<Misc> *miscs;      
        ^
/Users/anisbenyoub/Documents/Cours/GL/GL-XML/src/xml/misc.h:7:6: error: expected member name or ';' after declaration specifiers
        list<Misc> *miscs;      
        ~~~~^
/Users/anisbenyoub/Documents/Cours/GL/GL-XML/src/xml/misc.cpp:4:7: error: qualified reference to 'Misc' is a constructor name rather than a type wherever a constructor can be
      declared
Misc::Misc(string _comment)
      ^
/Users/anisbenyoub/Documents/Cours/GL/GL-XML/src/xml/misc.cpp:4:19: error: expected ')'
Misc::Misc(string _comment)
                  ^
/Users/anisbenyoub/Documents/Cours/GL/GL-XML/src/xml/misc.cpp:4:11: note: to match this '('
Misc::Misc(string _comment)
          ^
/Users/anisbenyoub/Documents/Cours/GL/GL-XML/src/xml/misc.cpp:4:12: error: no matching constructor for initialization of 'Misc::Misc'
Misc::Misc(string _comment)
           ^
/Users/anisbenyoub/Documents/Cours/GL/GL-XML/src/xml/misc.h:10:2: note: candidate constructor not viable: requires 1 argument, but 0 were provided
        Misc(std::string _comment);
        ^
/Users/anisbenyoub/Documents/Cours/GL/GL-XML/src/xml/misc.h:5:7: note: candidate constructor (the implicit copy constructor) not viable: requires 1 argument, but 0 were
      provided
class Misc {
      ^
/Users/anisbenyoub/Documents/Cours/GL/GL-XML/src/xml/misc.cpp:4:28: error: expected ';' after top level declarator
Misc::Misc(string _comment)
                           ^
                           ;
6 errors generated.
make[2]: *** [test/xmlsample/CMakeFiles/xmlsample.dir/__/__/src/xml/misc.cpp.o] Error 1
make[1]: *** [test/xmlsample/CMakeFiles/xmlsample.dir/all] Error 2
make: *** [all] Error 2
anisbenyoub@eduroinsa176:~/Documents/Cours/GL/GL-XML/build$ make
Scanning dependencies of target xmlsample
[ 14%] Building CXX object test/xmlsample/CMakeFiles/xmlsample.dir/__/__/src/xml/documentxml.cpp.o
[ 28%] Building CXX object test/xmlsample/CMakeFiles/xmlsample.dir/__/__/src/xml/misc.cpp.o
In file included from /Users/anisbenyoub/Documents/Cours/GL/GL-XML/src/xml/misc.cpp:1:
/Users/anisbenyoub/Documents/Cours/GL/GL-XML/src/xml/misc.h:7:2: error: no template named 'list'; did you mean 'std::list'?
        list<Misc> *miscs;      
        ^~~~
        std::list
/usr/include/c++/4.2.1/bits/stl_list.h:407:11: note: 'std::list' declared here
    class list : protected _List_base<_Tp, _Alloc>
          ^
/Users/anisbenyoub/Documents/Cours/GL/GL-XML/src/xml/misc.cpp:4:7: error: qualified reference to 'Misc' is a constructor name rather than a type wherever a constructor can be
      declared
Misc::Misc(string _comment)
      ^
/Users/anisbenyoub/Documents/Cours/GL/GL-XML/src/xml/misc.cpp:4:19: error: expected ')'
Misc::Misc(string _comment)
                  ^
/Users/anisbenyoub/Documents/Cours/GL/GL-XML/src/xml/misc.cpp:4:11: note: to match this '('
Misc::Misc(string _comment)
          ^
/Users/anisbenyoub/Documents/Cours/GL/GL-XML/src/xml/misc.cpp:4:12: error: no matching constructor for initialization of 'Misc::Misc'
Misc::Misc(string _comment)
           ^
/Users/anisbenyoub/Documents/Cours/GL/GL-XML/src/xml/misc.h:10:2: note: candidate constructor not viable: requires 1 argument, but 0 were provided
        Misc(std::string _comment);
        ^
/Users/anisbenyoub/Documents/Cours/GL/GL-XML/src/xml/misc.h:5:7: note: candidate constructor (the implicit copy constructor) not viable: requires 1 argument, but 0 were
      provided
class Misc {
      ^
/Users/anisbenyoub/Documents/Cours/GL/GL-XML/src/xml/misc.cpp:4:28: error: expected ';' after top level declarator
Misc::Misc(string _comment)
                           ^
                           ;
5 errors generated.
make[2]: *** [test/xmlsample/CMakeFiles/xmlsample.dir/__/__/src/xml/misc.cpp.o] Error 1
make[1]: *** [test/xmlsample/CMakeFiles/xmlsample.dir/all] Error 2
make: *** [all] Error 2
anisbenyoub@eduroinsa176:~/Documents/Cours/GL/GL-XML/build$ make
Scanning dependencies of target xmlsample
[ 14%] Building CXX object test/xmlsample/CMakeFiles/xmlsample.dir/__/__/src/xml/documentxml.cpp.o
[ 28%] Building CXX object test/xmlsample/CMakeFiles/xmlsample.dir/__/__/src/xml/misc.cpp.o
/Users/anisbenyoub/Documents/Cours/GL/GL-XML/src/xml/misc.cpp:4:7: error: qualified reference to 'Misc' is a constructor name rather than a type wherever a constructor can be
      declared
Misc::Misc(string _comment)
      ^
/Users/anisbenyoub/Documents/Cours/GL/GL-XML/src/xml/misc.cpp:4:19: error: expected ')'
Misc::Misc(string _comment)
                  ^
/Users/anisbenyoub/Documents/Cours/GL/GL-XML/src/xml/misc.cpp:4:11: note: to match this '('
Misc::Misc(string _comment)
          ^
/Users/anisbenyoub/Documents/Cours/GL/GL-XML/src/xml/misc.cpp:4:12: error: no matching constructor for initialization of 'Misc::Misc'
Misc::Misc(string _comment)
           ^
/Users/anisbenyoub/Documents/Cours/GL/GL-XML/src/xml/misc.h:10:2: note: candidate constructor not viable: requires 1 argument, but 0 were provided
        Misc(std::string _comment);
        ^
/Users/anisbenyoub/Documents/Cours/GL/GL-XML/src/xml/misc.h:5:7: note: candidate constructor (the implicit copy constructor) not viable: requires 1 argument, but 0 were
      provided
class Misc {
      ^
/Users/anisbenyoub/Documents/Cours/GL/GL-XML/src/xml/misc.cpp:4:28: error: expected ';' after top level declarator
Misc::Misc(string _comment)
                           ^
                           ;
4 errors generated.
make[2]: *** [test/xmlsample/CMakeFiles/xmlsample.dir/__/__/src/xml/misc.cpp.o] Error 1
make[1]: *** [test/xmlsample/CMakeFiles/xmlsample.dir/all] Error 2
make: *** [all] Error 2
anisbenyoub@eduroinsa176:~/Documents/Cours/GL/GL-XML/build$ make
Scanning dependencies of target xmlsample
[ 14%] Building CXX object test/xmlsample/CMakeFiles/xmlsample.dir/__/__/src/xml/documentxml.cpp.o
[ 28%] Building CXX object test/xmlsample/CMakeFiles/xmlsample.dir/__/__/src/xml/misc.cpp.o
/Users/anisbenyoub/Documents/Cours/GL/GL-XML/src/xml/misc.cpp:4:7: error: qualified reference to 'Misc' is a constructor name rather than a type wherever a constructor can be
      declared
Misc::Misc(string aComment)
      ^
/Users/anisbenyoub/Documents/Cours/GL/GL-XML/src/xml/misc.cpp:4:19: error: expected ')'
Misc::Misc(string aComment)
                  ^
/Users/anisbenyoub/Documents/Cours/GL/GL-XML/src/xml/misc.cpp:4:11: note: to match this '('
Misc::Misc(string aComment)
          ^
/Users/anisbenyoub/Documents/Cours/GL/GL-XML/src/xml/misc.cpp:4:12: error: no matching constructor for initialization of 'Misc::Misc'
Misc::Misc(string aComment)
           ^
/Users/anisbenyoub/Documents/Cours/GL/GL-XML/src/xml/misc.h:10:2: note: candidate constructor not viable: requires 1 argument, but 0 were provided
        Misc(std::string acomment);
        ^
/Users/anisbenyoub/Documents/Cours/GL/GL-XML/src/xml/misc.h:5:7: note: candidate constructor (the implicit copy constructor) not viable: requires 1 argument, but 0 were
      provided
class Misc {
      ^
/Users/anisbenyoub/Documents/Cours/GL/GL-XML/src/xml/misc.cpp:4:28: error: expected ';' after top level declarator
Misc::Misc(string aComment)
                           ^
                           ;
4 errors generated.
make[2]: *** [test/xmlsample/CMakeFiles/xmlsample.dir/__/__/src/xml/misc.cpp.o] Error 1
make[1]: *** [test/xmlsample/CMakeFiles/xmlsample.dir/all] Error 2
make: *** [all] Error 2
anisbenyoub@eduroinsa176:~/Documents/Cours/GL/GL-XML/build$ make
[ 14%] Building CXX object test/xmlsample/CMakeFiles/xmlsample.dir/__/__/src/xml/misc.cpp.o
[ 28%] Building CXX object test/xmlsample/CMakeFiles/xmlsample.dir/__/__/src/xml/pcdata.cpp.o
/Users/anisbenyoub/Documents/Cours/GL/GL-XML/src/xml/pcdata.cpp:30:10: fatal error: 'PCData' file not found
#include "PCData"
         ^
1 error generated.
make[2]: *** [test/xmlsample/CMakeFiles/xmlsample.dir/__/__/src/xml/pcdata.cpp.o] Error 1
make[1]: *** [test/xmlsample/CMakeFiles/xmlsample.dir/all] Error 2
make: *** [all] Error 2
anisbenyoub@eduroinsa176:~/Documents/Cours/GL/GL-XML/build$ make
[ 14%] Building CXX object test/xmlsample/CMakeFiles/xmlsample.dir/__/__/src/xml/pcdata.cpp.o
/Users/anisbenyoub/Documents/Cours/GL/GL-XML/src/xml/pcdata.cpp:56:9: error: use of undeclared identifier 'String'; did you mean 'std::string'?
        mValue=String(value);
               ^
1 error generated.
make[2]: *** [test/xmlsample/CMakeFiles/xmlsample.dir/__/__/src/xml/pcdata.cpp.o] Error 1
make[1]: *** [test/xmlsample/CMakeFiles/xmlsample.dir/all] Error 2
make: *** [all] Error 2
anisbenyoub@eduroinsa176:~/Documents/Cours/GL/GL-XML/build$ make
[ 14%] Building CXX object test/xmlsample/CMakeFiles/xmlsample.dir/__/__/src/xml/pcdata.cpp.o
[ 28%] Building CXX object test/xmlsample/CMakeFiles/xmlsample.dir/__/__/src/xml/xmlattribute.cpp.o
[ 42%] Building CXX object test/xmlsample/CMakeFiles/xmlsample.dir/__/__/src/xml/xmlcontent.cpp.o
/Users/anisbenyoub/Documents/Cours/GL/GL-XML/src/xml/xmlcontent.cpp:30:11: fatal error: 'xmlXMLContent.h' file not found
 #include "xmlXMLContent.h"
          ^
1 error generated.
make[2]: *** [test/xmlsample/CMakeFiles/xmlsample.dir/__/__/src/xml/xmlcontent.cpp.o] Error 1
make[1]: *** [test/xmlsample/CMakeFiles/xmlsample.dir/all] Error 2
make: *** [all] Error 2
anisbenyoub@eduroinsa176:~/Documents/Cours/GL/GL-XML/build$ make
[ 14%] Building CXX object test/xmlsample/CMakeFiles/xmlsample.dir/__/__/src/xml/xmlcontent.cpp.o
Linking CXX executable xmlsample
[100%] Built target xmlsample
anisbenyoub@eduroinsa176:~/Documents/Cours/GL/GL-XML/build$ ls
CMakeCache.txt		CMakeFiles		Makefile		cmake_install.cmake	src			test
anisbenyoub@eduroinsa176:~/Documents/Cours/GL/GL-XML/build$ make clean
anisbenyoub@eduroinsa176:~/Documents/Cours/GL/GL-XML/build$ make
[ 14%] Building CXX object test/xmlsample/CMakeFiles/xmlsample.dir/xmlsample.cpp.o
/Users/anisbenyoub/Documents/Cours/GL/GL-XML/test/xmlsample/xmlsample.cpp:5:15: warning: conversion from string literal to 'char *' is deprecated
      [-Wdeprecated-writable-strings]
        PCData aData("hihi");
                     ^
1 warning generated.
[ 28%] Building CXX object test/xmlsample/CMakeFiles/xmlsample.dir/__/__/src/xml/documentxml.cpp.o
[ 42%] Building CXX object test/xmlsample/CMakeFiles/xmlsample.dir/__/__/src/xml/element.cpp.o
[ 57%] Building CXX object test/xmlsample/CMakeFiles/xmlsample.dir/__/__/src/xml/misc.cpp.o
[ 71%] Building CXX object test/xmlsample/CMakeFiles/xmlsample.dir/__/__/src/xml/pcdata.cpp.o
[ 85%] Building CXX object test/xmlsample/CMakeFiles/xmlsample.dir/__/__/src/xml/xmlattribute.cpp.o
[100%] Building CXX object test/xmlsample/CMakeFiles/xmlsample.dir/__/__/src/xml/xmlcontent.cpp.o
Linking CXX executable xmlsample
[100%] Built target xmlsample
anisbenyoub@eduroinsa176:~/Documents/Cours/GL/GL-XML/build$ cd ..
anisbenyoub@eduroinsa176:~/Documents/Cours/GL/GL-XML$ git add src/*
anisbenyoub@eduroinsa176:~/Documents/Cours/GL/GL-XML$ git commit -m "Making this shit compile"
[master 650d421] Making this shit compile
 13 files changed, 356 insertions(+), 86 deletions(-)
 create mode 100644 src/CMakeLists.txt
 rewrite src/xml/documentxml.h (71%)
 rewrite src/xml/element.cpp (64%)
 rewrite src/xml/pcdata.h (70%)
 create mode 100644 src/xml/xmlattribute.cpp
 create mode 100644 src/xml/xmlattribute.h
 create mode 100644 src/xml/xmlcontent.cpp
 create mode 100644 src/xml/xmlcontent.h
anisbenyoub@eduroinsa176:~/Documents/Cours/GL/GL-XML$ git push
Username: 
Password: 
To https://github.com/AnisB/GL-XML.git
 ! [rejected]        master -> master (non-fast-forward)
error: failed to push some refs to 'https://github.com/AnisB/GL-XML.git'
To prevent you from losing history, non-fast-forward updates were rejected
Merge the remote changes (e.g. 'git pull') before pushing again.  See the
'Note about fast-forwards' section of 'git push --help' for details.
anisbenyoub@eduroinsa176:~/Documents/Cours/GL/GL-XML$ git pull
remote: Counting objects: 81, done.
remote: Compressing objects: 100% (57/57), done.
remote: Total 76 (delta 37), reused 57 (delta 18)
Unpacking objects: 100% (76/76), done.
From https://github.com/AnisB/GL-XML
   8941a08..d43b494  master     -> origin/master
Merge made by the 'recursive' strategy.
 .../analysesyntaxique}/main.c                      |    0
 .../analysesyntaxique}/makefile                    |    0
 src/dtd/attribut.cpp                               |   46 +++++++++
 src/dtd/attribut.h                                 |   22 +++++
 src/dtd/cdata.cpp                                  |   23 +++++
 src/dtd/cdata.h                                    |   78 ++++++++++++++++
 src/dtd/declaration.cpp                            |   68 ++++++++++++++
 src/dtd/declaration.h                              |   83 +++++++++++++++++
 src/dtd/documentdtd.cpp                            |   68 ++++++++++++++
 src/dtd/documentdtd.h                              |   86 +++++++++++++++++
 src/dtd/dtdattribute.cpp                           |   46 +++++++++
 src/dtd/dtdattribute.h                             |   97 ++++++++++++++++++++
 12 files changed, 617 insertions(+), 0 deletions(-)
 rename {programs/Analyse syntaxique => program/analysesyntaxique}/main.c (100%)
 rename {programs/Analyse syntaxique => program/analysesyntaxique}/makefile (100%)
 create mode 100644 src/dtd/attribut.cpp
 create mode 100644 src/dtd/attribut.h
 create mode 100644 src/dtd/cdata.cpp
 create mode 100644 src/dtd/cdata.h
 create mode 100644 src/dtd/declaration.cpp
 create mode 100644 src/dtd/declaration.h
 create mode 100644 src/dtd/documentdtd.cpp
 create mode 100644 src/dtd/documentdtd.h
 create mode 100644 src/dtd/dtdattribute.cpp
 create mode 100644 src/dtd/dtdattribute.h
anisbenyoub@eduroinsa176:~/Documents/Cours/GL/GL-XML$ git push
Username: 
Password: 
To https://github.com/AnisB/GL-XML.git
 ! [rejected]        master -> master (non-fast-forward)
error: failed to push some refs to 'https://github.com/AnisB/GL-XML.git'
To prevent you from losing history, non-fast-forward updates were rejected
Merge the remote changes (e.g. 'git pull') before pushing again.  See the
'Note about fast-forwards' section of 'git push --help' for details.
anisbenyoub@eduroinsa176:~/Documents/Cours/GL/GL-XML$ git pull
remote: Counting objects: 11, done.
remote: Compressing objects: 100% (3/3), done.
remote: Total 6 (delta 3), reused 6 (delta 3)
Unpacking objects: 100% (6/6), done.
From https://github.com/AnisB/GL-XML
   d43b494..cf820dc  master     -> origin/master
Merge made by the 'recursive' strategy.
 src/dtd/cdata.cpp        |   54 ++++++++++++++++++++++++++++++++++++++++
 src/dtd/dtdattribute.cpp |   61 +++++++++++++++++++++++++++++++++++++++++++++-
 2 files changed, 114 insertions(+), 1 deletions(-)
anisbenyoub@eduroinsa176:~/Documents/Cours/GL/GL-XML$ git push
Username: 
Password: 
Counting objects: 38, done.
Delta compression using up to 8 threads.
Compressing objects: 100% (23/23), done.
Writing objects: 100% (23/23), 4.83 KiB, done.
Total 23 (delta 5), reused 0 (delta 0)
To https://github.com/AnisB/GL-XML.git
   cf820dc..59e6c8a  master -> master
anisbenyoub@eduroinsa176:~/Documents/Cours/GL/GL-XML$ ls
CMakeLists.txt	README.md	build		cmake		other		program		ressources	src		test
anisbenyoub@eduroinsa176:~/Documents/Cours/GL/GL-XML$ cd test/
anisbenyoub@eduroinsa176:~/Documents/Cours/GL/GL-XML/test$ ls
CMakeLists.txt	xmlsample
anisbenyoub@eduroinsa176:~/Documents/Cours/GL/GL-XML/test$ cd xmlsample/
anisbenyoub@eduroinsa176:~/Documents/Cours/GL/GL-XML/test/xmlsample$ ls
CMakeLists.txt	xmlsample.cpp
anisbenyoub@eduroinsa176:~/Documents/Cours/GL/GL-XML/test/xmlsample$ git add ./*
anisbenyoub@eduroinsa176:~/Documents/Cours/GL/GL-XML/test/xmlsample$ git commit -"blah"
error: unknown switch `b'
usage: git commit [options] [--] <filepattern>...

    -q, --quiet           suppress summary after successful commit
    -v, --verbose         show diff in commit message template

Commit message options
    -F, --file <file>     read message from file
    --author <author>     override author for commit
    --date <date>         override date for commit
    -m, --message <message>
                          commit message
    -c, --reedit-message <commit>
                          reuse and edit message from specified commit
    -C, --reuse-message <commit>
                          reuse message from specified commit
    --fixup <commit>      use autosquash formatted message to fixup specified commit
    --squash <commit>     use autosquash formatted message to squash specified commit
    --reset-author        the commit is authored by me now (used with -C-c/--amend)
    -s, --signoff         add Signed-off-by:
    -t, --template <file>
                          use specified template file
    -e, --edit            force edit of commit
    --cleanup <default>   how to strip spaces and #comments from message
    --status              include status in commit message template

Commit contents options
    -a, --all             commit all changed files
    -i, --include         add specified files to index for commit
    --interactive         interactively add files
    -p, --patch           interactively add changes
    -o, --only            commit only specified files
    -n, --no-verify       bypass pre-commit hook
    --dry-run             show what would be committed
    --short               show status concisely
    --branch              show branch information
    --porcelain           machine-readable output
    -z, --null            terminate entries with NUL
    --amend               amend previous commit
    --no-post-rewrite     bypass post-rewrite hook
    -u, --untracked-files[=<mode>]
                          show untracked files, optional modes: all, normal, no. (Default: all)

anisbenyoub@eduroinsa176:~/Documents/Cours/GL/GL-XML/test/xmlsample$ git commit -m"blah"
[master c37d5ce] blah
 2 files changed, 12 insertions(+), 1 deletions(-)
anisbenyoub@eduroinsa176:~/Documents/Cours/GL/GL-XML/test/xmlsample$ git push
Username: 
Password: 
To https://github.com/AnisB/GL-XML.git
 ! [rejected]        master -> master (non-fast-forward)
error: failed to push some refs to 'https://github.com/AnisB/GL-XML.git'
To prevent you from losing history, non-fast-forward updates were rejected
Merge the remote changes (e.g. 'git pull') before pushing again.  See the
'Note about fast-forwards' section of 'git push --help' for details.
anisbenyoub@eduroinsa176:~/Documents/Cours/GL/GL-XML/test/xmlsample$ git pull
remote: Counting objects: 15, done.
remote: Compressing objects: 100% (6/6), done.
remote: Total 10 (delta 6), reused 8 (delta 4)
Unpacking objects: 100% (10/10), done.
From https://github.com/AnisB/GL-XML
   59e6c8a..a0e3ee7  master     -> origin/master
Removing src/dtd/attribut.h
Removing src/dtd/attribut.cpp
Merge made by the 'recursive' strategy.
 src/dtd/attribut.cpp    |   46 ----------------------------------------------
 src/dtd/attribut.h      |   22 ----------------------
 src/dtd/documentdtd.cpp |   10 ++++++++++
 src/dtd/documentdtd.h   |   20 ++++++++++++++------
 4 files changed, 24 insertions(+), 74 deletions(-)
 delete mode 100644 src/dtd/attribut.cpp
 delete mode 100644 src/dtd/attribut.h
anisbenyoub@eduroinsa176:~/Documents/Cours/GL/GL-XML/test/xmlsample$ git push
Username: 
Password: 
Counting objects: 14, done.
Delta compression using up to 8 threads.
Compressing objects: 100% (8/8), done.
Writing objects: 100% (8/8), 940 bytes, done.
Total 8 (delta 2), reused 0 (delta 0)
To https://github.com/AnisB/GL-XML.git
   a0e3ee7..cba5672  master -> master
anisbenyoub@eduroinsa176:~/Documents/Cours/GL/GL-XML/test/xmlsample$ cmake ..
-- The C compiler identification is GNU 4.2.1
-- The CXX compiler identification is Clang 3.1.0
-- Checking whether C compiler has -isysroot
-- Checking whether C compiler has -isysroot - yes
-- Checking whether C compiler supports OSX deployment target flag
-- Checking whether C compiler supports OSX deployment target flag - yes
-- Check for working C compiler: /usr/bin/gcc
-- Check for working C compiler: /usr/bin/gcc -- works
-- Detecting C compiler ABI info
-- Detecting C compiler ABI info - done
-- Check for working CXX compiler: /usr/bin/c++
-- Check for working CXX compiler: /usr/bin/c++ -- works
-- Detecting CXX compiler ABI info
-- Detecting CXX compiler ABI info - done
-- 
CMake Warning (dev) in CMakeLists.txt:
  No cmake_minimum_required command is present.  A line of code such as

    cmake_minimum_required(VERSION 2.8)

  should be added at the top of the file.  The version specified may be lower
  if you wish to support older CMake versions for this project.  For more
  information run "cmake --help-policy CMP0000".
This warning is for project developers.  Use -Wno-dev to suppress it.

-- Configuring done
-- Generating done
-- Build files have been written to: /Users/anisbenyoub/Documents/Cours/GL/GL-XML/test/xmlsample
anisbenyoub@eduroinsa176:~/Documents/Cours/GL/GL-XML/test/xmlsample$ cd 
anisbenyoub@eduroinsa176:~$ cd Documents/Cours/GL/GL-XML/
anisbenyoub@eduroinsa176:~/Documents/Cours/GL/GL-XML$ cd build/
anisbenyoub@eduroinsa176:~/Documents/Cours/GL/GL-XML/build$ cmake ..
-- Boost and boost components found.
-- /Users/anisbenyoub/Documents/Cours/GL/GL-XML/src/xml/.DS_Store/Users/anisbenyoub/Documents/Cours/GL/GL-XML/src/xml/documentxml.cpp/Users/anisbenyoub/Documents/Cours/GL/GL-XML/src/xml/documentxml.h/Users/anisbenyoub/Documents/Cours/GL/GL-XML/src/xml/element.cpp/Users/anisbenyoub/Documents/Cours/GL/GL-XML/src/xml/element.h/Users/anisbenyoub/Documents/Cours/GL/GL-XML/src/xml/misc.cpp/Users/anisbenyoub/Documents/Cours/GL/GL-XML/src/xml/misc.h/Users/anisbenyoub/Documents/Cours/GL/GL-XML/src/xml/pcdata.cpp/Users/anisbenyoub/Documents/Cours/GL/GL-XML/src/xml/pcdata.h/Users/anisbenyoub/Documents/Cours/GL/GL-XML/src/xml/xmlattribute.cpp/Users/anisbenyoub/Documents/Cours/GL/GL-XML/src/xml/xmlattribute.h/Users/anisbenyoub/Documents/Cours/GL/GL-XML/src/xml/xmlcontent.cpp/Users/anisbenyoub/Documents/Cours/GL/GL-XML/src/xml/xmlcontent.h
-- Configuring done
-- Generating done
-- Build files have been written to: /Users/anisbenyoub/Documents/Cours/GL/GL-XML/build
anisbenyoub@eduroinsa176:~/Documents/Cours/GL/GL-XML/build$ make
[100%] Built target xmlsample
anisbenyoub@eduroinsa176:~/Documents/Cours/GL/GL-XML/build$ make clean
anisbenyoub@eduroinsa176:~/Documents/Cours/GL/GL-XML/build$ make
[ 14%] Building CXX object test/xmlsample/CMakeFiles/xmlsample.dir/xmlsample.cpp.o
/Users/anisbenyoub/Documents/Cours/GL/GL-XML/test/xmlsample/xmlsample.cpp:5:15: warning: conversion from string literal to 'char *' is deprecated
      [-Wdeprecated-writable-strings]
        PCData aData("hihi");
                     ^
1 warning generated.
[ 28%] Building CXX object test/xmlsample/CMakeFiles/xmlsample.dir/__/__/src/xml/documentxml.cpp.o
[ 42%] Building CXX object test/xmlsample/CMakeFiles/xmlsample.dir/__/__/src/xml/element.cpp.o
[ 57%] Building CXX object test/xmlsample/CMakeFiles/xmlsample.dir/__/__/src/xml/misc.cpp.o
[ 71%] Building CXX object test/xmlsample/CMakeFiles/xmlsample.dir/__/__/src/xml/pcdata.cpp.o
[ 85%] Building CXX object test/xmlsample/CMakeFiles/xmlsample.dir/__/__/src/xml/xmlattribute.cpp.o
[100%] Building CXX object test/xmlsample/CMakeFiles/xmlsample.dir/__/__/src/xml/xmlcontent.cpp.o
Linking CXX executable xmlsample
[100%] Built target xmlsample
anisbenyoub@eduroinsa176:~/Documents/Cours/GL/GL-XML/build$ cd ..
anisbenyoub@eduroinsa176:~/Documents/Cours/GL/GL-XML$ ls
CMakeLists.txt	README.md	build		cmake		other		program		ressources	src		test
anisbenyoub@eduroinsa176:~/Documents/Cours/GL/GL-XML$ cd build/
anisbenyoub@eduroinsa176:~/Documents/Cours/GL/GL-XML/build$ cmake ..
-- Boost and boost components found.
-- Configuring done
-- Generating done
-- Build files have been written to: /Users/anisbenyoub/Documents/Cours/GL/GL-XML/build
anisbenyoub@eduroinsa176:~/Documents/Cours/GL/GL-XML/build$ make
[100%] Built target xmlsample
anisbenyoub@eduroinsa176:~/Documents/Cours/GL/GL-XML/build$ make clean
anisbenyoub@eduroinsa176:~/Documents/Cours/GL/GL-XML/build$ make
[ 14%] Building CXX object test/xmlsample/CMakeFiles/xmlsample.dir/xmlsample.cpp.o
/Users/anisbenyoub/Documents/Cours/GL/GL-XML/test/xmlsample/xmlsample.cpp:5:15: warning: conversion from string literal to 'char *' is deprecated
      [-Wdeprecated-writable-strings]
        PCData aData("hihi");
                     ^
1 warning generated.
[ 28%] Building CXX object test/xmlsample/CMakeFiles/xmlsample.dir/__/__/src/xml/documentxml.cpp.o
[ 42%] Building CXX object test/xmlsample/CMakeFiles/xmlsample.dir/__/__/src/xml/element.cpp.o
gi[ 57%] Building CXX object test/xmlsample/CMakeFiles/xmlsample.dir/__/__/src/xml/misc.cpp.o
t[ 71%]  Building CXX object test/xmlsample/CMakeFiles/xmlsample.dir/__/__/src/xml/pcdata.cpp.o
[ 85%] Building CXX object test/xmlsample/CMakeFiles/xmlsample.dir/__/__/src/xml/xmlattribute.cpp.o
[100%] Building CXX object test/xmlsample/CMakeFiles/xmlsample.dir/__/__/src/xml/xmlcontent.cpp.o
Linking CXX executable xmlsample
[100%] Built target xmlsample
anisbenyoub@eduroinsa176:~/Documents/Cours/GL/GL-XML/build$ git commit -am "hihi"
[master 5ba881f] hihi
 7 files changed, 8 insertions(+), 103 deletions(-)
 delete mode 100644 src/xml/attribut.cpp
 delete mode 100644 src/xml/attribut.h
 delete mode 100644 src/xml/content.cpp
 delete mode 100644 src/xml/content.h
anisbenyoub@eduroinsa176:~/Documents/Cours/GL/GL-XML/build$ git push
Username: 
Password: 
To https://github.com/AnisB/GL-XML.git
 ! [rejected]        master -> master (non-fast-forward)
error: failed to push some refs to 'https://github.com/AnisB/GL-XML.git'
To prevent you from losing history, non-fast-forward updates were rejected
Merge the remote changes (e.g. 'git pull') before pushing again.  See the
'Note about fast-forwards' section of 'git push --help' for details.
anisbenyoub@eduroinsa176:~/Documents/Cours/GL/GL-XML/build$ git pull
remote: Counting objects: 14, done.
remote: Compressing objects: 100% (3/3), done.
remote: Total 8 (delta 5), reused 8 (delta 5)
Unpacking objects: 100% (8/8), done.
From https://github.com/AnisB/GL-XML
   cba5672..77dcc7a  master     -> origin/master
Merge made by the 'recursive' strategy.
 src/dtd/documentdtd.cpp |    2 +-
 src/dtd/documentdtd.h   |    2 +-
 2 files changed, 2 insertions(+), 2 deletions(-)
anisbenyoub@eduroinsa176:~/Documents/Cours/GL/GL-XML/build$ git push
Username: 
Password: 
Counting objects: 24, done.
Delta compression using up to 8 threads.
Compressing objects: 100% (13/13), done.
Writing objects: 100% (13/13), 1.19 KiB, done.
Total 13 (delta 8), reused 0 (delta 0)
To https://github.com/AnisB/GL-XML.git
   77dcc7a..a909021  master -> master
anisbenyoub@eduroinsa176:~/Documents/Cours/GL/GL-XML/build$ cmake ..
-- Boost and boost components found.
-- Configuring done
-- Generating done
-- Build files have been written to: /Users/anisbenyoub/Documents/Cours/GL/GL-XML/build
anisbenyoub@eduroinsa176:~/Documents/Cours/GL/GL-XML/build$ make
[100%] Built target xmlsample
anisbenyoub@eduroinsa176:~/Documents/Cours/GL/GL-XML/build$ git commit -am "changing version"
[master 7f5e4cc] changing version
 1 files changed, 1 insertions(+), 1 deletions(-)
anisbenyoub@eduroinsa176:~/Documents/Cours/GL/GL-XML/build$ git push
Username: 
Password: 
Counting objects: 7, done.
Delta compression using up to 8 threads.
Compressing objects: 100% (4/4), done.
Writing objects: 100% (4/4), 358 bytes, done.
Total 4 (delta 2), reused 0 (delta 0)
To https://github.com/AnisB/GL-XML.git
   a909021..7f5e4cc  master -> master
anisbenyoub@eduroinsa176:~/Documents/Cours/GL/GL-XML/build$ git push
Username: 

anisbenyoub@eduroinsa176:~/Documents/Cours/GL/GL-XML/build$ git pull
remote: Counting objects: 25, done.
remote: Compressing objects: 100% (14/14), done.
remote: Total 18 (delta 4), reused 17 (delta 3)
Unpacking objects: 100% (18/18), done.
From https://github.com/AnisB/GL-XML
   7f5e4cc..cce9935  master     -> origin/master
Updating 7f5e4cc..cce9935
Fast-forward
 program/analysesyntaxique/commun.h |   17 +++++
 program/analysesyntaxique/dtd.l    |   86 ++++++++++++++++++++++++
 program/analysesyntaxique/dtd.y    |  130 ++++++++++++++++++++++++++++++++++++
 program/analysesyntaxique/main.cpp |   21 ++++++
 program/analysesyntaxique/makefile |   29 ++++++++-
 program/analysesyntaxique/xml.l    |  127 +++++++++++++++++++++++++++++++++++
 program/analysesyntaxique/xml.y    |   99 +++++++++++++++++++++++++++
 test/dtdsample/CMakeLists.txt      |    9 +++
 test/dtdsample/dtdsample.cpp       |    6 ++
 9 files changed, 523 insertions(+), 1 deletions(-)
 create mode 100644 program/analysesyntaxique/commun.h
 create mode 100644 program/analysesyntaxique/dtd.l
 create mode 100644 program/analysesyntaxique/dtd.y
 create mode 100644 program/analysesyntaxique/main.cpp
 create mode 100644 program/analysesyntaxique/xml.l
 create mode 100644 program/analysesyntaxique/xml.y
 create mode 100644 test/dtdsample/CMakeLists.txt
 create mode 100644 test/dtdsample/dtdsample.cpp
anisbenyoub@eduroinsa176:~/Documents/Cours/GL/GL-XML/build$ make
-- Boost and boost components found.
-- Configuring done
-- Generating done
-- Build files have been written to: /Users/anisbenyoub/Documents/Cours/GL/GL-XML/build
Scanning dependencies of target xmlsample
[ 14%] Building CXX object test/xmlsample/CMakeFiles/xmlsample.dir/__/__/src/xml/documentxml.cpp.o
In file included from /Users/anisbenyoub/Documents/Cours/GL/GL-XML/src/xml/documentxml.cpp:1:
In file included from /Users/anisbenyoub/Documents/Cours/GL/GL-XML/src/xml/documentxml.h:5:
/Users/anisbenyoub/Documents/Cours/GL/GL-XML/src/xml/xmlattribute.h:62:22: error: expected ')'
        XMLAttribute(string aname, std::string avalue);
                            ^
/Users/anisbenyoub/Documents/Cours/GL/GL-XML/src/xml/xmlattribute.h:62:14: note: to match this '('
        XMLAttribute(string aname, std::string avalue);
                    ^
/Users/anisbenyoub/Documents/Cours/GL/GL-XML/src/xml/xmlattribute.h:62:15: error: field has incomplete type 'XMLAttribute'
        XMLAttribute(string aname, std::string avalue);
                     ^
/Users/anisbenyoub/Documents/Cours/GL/GL-XML/src/xml/xmlattribute.h:53:8: note: definition of 'XMLAttribute' is not complete until the closing '}'
        class XMLAttribute
              ^
/Users/anisbenyoub/Documents/Cours/GL/GL-XML/src/xml/xmlattribute.h:67:2: error: unknown type name 'string'
        string mName;
        ^
/Users/anisbenyoub/Documents/Cours/GL/GL-XML/src/xml/xmlattribute.h:68:2: error: unknown type name 'string'
        string mValue;  
        ^
In file included from /Users/anisbenyoub/Documents/Cours/GL/GL-XML/src/xml/documentxml.cpp:1:
/Users/anisbenyoub/Documents/Cours/GL/GL-XML/src/xml/documentxml.h:11:2: error: no template named 'list'; did you mean 'std::list'?
        list<Element>* mStyleSheet;
        ^~~~
        std::list
/usr/include/c++/4.2.1/bits/stl_list.h:407:11: note: 'std::list' declared here
    class list : protected _List_base<_Tp, _Alloc>
          ^
In file included from /Users/anisbenyoub/Documents/Cours/GL/GL-XML/src/xml/documentxml.cpp:1:
/Users/anisbenyoub/Documents/Cours/GL/GL-XML/src/xml/documentxml.h:12:2: error: no template named 'list'; did you mean 'std::list'?
        list<XMLAttribute>* mAttributes;
        ^~~~
        std::list
/usr/include/c++/4.2.1/bits/stl_list.h:407:11: note: 'std::list' declared here
    class list : protected _List_base<_Tp, _Alloc>
          ^
/Users/anisbenyoub/Documents/Cours/GL/GL-XML/src/xml/documentxml.cpp:4:14: error: qualified reference to 'DocumentXML' is a constructor name rather than a type wherever a
      constructor can be declared
DocumentXML::DocumentXML(string aName, string aName2, string aValue)
             ^
/Users/anisbenyoub/Documents/Cours/GL/GL-XML/src/xml/documentxml.cpp:4:33: error: expected ')'
DocumentXML::DocumentXML(string aName, string aName2, string aValue)
                                ^
/Users/anisbenyoub/Documents/Cours/GL/GL-XML/src/xml/documentxml.cpp:4:25: note: to match this '('
DocumentXML::DocumentXML(string aName, string aName2, string aValue)
                        ^
/Users/anisbenyoub/Documents/Cours/GL/GL-XML/src/xml/documentxml.cpp:4:26: error: no matching constructor for initialization of 'DocumentXML::DocumentXML'
DocumentXML::DocumentXML(string aName, string aName2, string aValue)
                         ^
/Users/anisbenyoub/Documents/Cours/GL/GL-XML/src/xml/documentxml.h:19:2: note: candidate constructor not viable: requires 3 arguments, but 0 were provided
        DocumentXML(std::string aname, std::string aname2, std::string avalue);
        ^
/Users/anisbenyoub/Documents/Cours/GL/GL-XML/src/xml/documentxml.h:9:7: note: candidate constructor (the implicit copy constructor) not viable: requires 1 argument, but 0 were
      provided
class DocumentXML {
      ^
/Users/anisbenyoub/Documents/Cours/GL/GL-XML/src/xml/documentxml.cpp:4:69: error: expected ';' after top level declarator
DocumentXML::DocumentXML(string aName, string aName2, string aValue)
                                                                    ^
                                                                    ;
10 errors generated.
make[2]: *** [test/xmlsample/CMakeFiles/xmlsample.dir/__/__/src/xml/documentxml.cpp.o] Error 1
make[1]: *** [test/xmlsample/CMakeFiles/xmlsample.dir/all] Error 2
make: *** [all] Error 2
anisbenyoub@eduroinsa176:~/Documents/Cours/GL/GL-XML/build$ make
[ 14%] Building CXX object test/xmlsample/CMakeFiles/xmlsample.dir/__/__/src/xml/documentxml.cpp.o
In file included from /Users/anisbenyoub/Documents/Cours/GL/GL-XML/src/xml/documentxml.cpp:1:
In file included from /Users/anisbenyoub/Documents/Cours/GL/GL-XML/src/xml/documentxml.h:5:
/Users/anisbenyoub/Documents/Cours/GL/GL-XML/src/xml/xmlattribute.h:67:2: error: unknown type name 'string'; did you mean 'std::string'?
        string mName;
        ^~~~~~
        std::string
/usr/include/c++/4.2.1/bits/stringfwd.h:59:33: note: 'std::string' declared here
  typedef basic_string<char>    string;
                                ^
In file included from /Users/anisbenyoub/Documents/Cours/GL/GL-XML/src/xml/documentxml.cpp:1:
In file included from /Users/anisbenyoub/Documents/Cours/GL/GL-XML/src/xml/documentxml.h:5:
/Users/anisbenyoub/Documents/Cours/GL/GL-XML/src/xml/xmlattribute.h:68:2: error: unknown type name 'string'; did you mean 'std::string'?
        string mValue;  
        ^~~~~~
        std::string
/usr/include/c++/4.2.1/bits/stringfwd.h:59:33: note: 'std::string' declared here
  typedef basic_string<char>    string;
                                ^
In file included from /Users/anisbenyoub/Documents/Cours/GL/GL-XML/src/xml/documentxml.cpp:1:
/Users/anisbenyoub/Documents/Cours/GL/GL-XML/src/xml/documentxml.h:11:2: error: no template named 'list'; did you mean 'std::list'?
        list<Element>* mStyleSheet;
        ^~~~
        std::list
/usr/include/c++/4.2.1/bits/stl_list.h:407:11: note: 'std::list' declared here
    class list : protected _List_base<_Tp, _Alloc>
          ^
In file included from /Users/anisbenyoub/Documents/Cours/GL/GL-XML/src/xml/documentxml.cpp:1:
/Users/anisbenyoub/Documents/Cours/GL/GL-XML/src/xml/documentxml.h:12:2: error: no template named 'list'; did you mean 'std::list'?
        list<XMLAttribute>* mAttributes;
        ^~~~
        std::list
/usr/include/c++/4.2.1/bits/stl_list.h:407:11: note: 'std::list' declared here
    class list : protected _List_base<_Tp, _Alloc>
          ^
/Users/anisbenyoub/Documents/Cours/GL/GL-XML/src/xml/documentxml.cpp:4:14: error: qualified reference to 'DocumentXML' is a constructor name rather than a type wherever a
      constructor can be declared
DocumentXML::DocumentXML(string aName, string aName2, string aValue)
             ^
/Users/anisbenyoub/Documents/Cours/GL/GL-XML/src/xml/documentxml.cpp:4:33: error: expected ')'
DocumentXML::DocumentXML(string aName, string aName2, string aValue)
                                ^
/Users/anisbenyoub/Documents/Cours/GL/GL-XML/src/xml/documentxml.cpp:4:25: note: to match this '('
DocumentXML::DocumentXML(string aName, string aName2, string aValue)
                        ^
/Users/anisbenyoub/Documents/Cours/GL/GL-XML/src/xml/documentxml.cpp:4:26: error: no matching constructor for initialization of 'DocumentXML::DocumentXML'
DocumentXML::DocumentXML(string aName, string aName2, string aValue)
                         ^
/Users/anisbenyoub/Documents/Cours/GL/GL-XML/src/xml/documentxml.h:19:2: note: candidate constructor not viable: requires 3 arguments, but 0 were provided
        DocumentXML(std::string aname, std::string aname2, std::string avalue);
        ^
/Users/anisbenyoub/Documents/Cours/GL/GL-XML/src/xml/documentxml.h:9:7: note: candidate constructor (the implicit copy constructor) not viable: requires 1 argument, but 0 were
      provided
class DocumentXML {
      ^
/Users/anisbenyoub/Documents/Cours/GL/GL-XML/src/xml/documentxml.cpp:4:69: error: expected ';' after top level declarator
DocumentXML::DocumentXML(string aName, string aName2, string aValue)
                                                                    ^
                                                                    ;
8 errors generated.
make[2]: *** [test/xmlsample/CMakeFiles/xmlsample.dir/__/__/src/xml/documentxml.cpp.o] Error 1
make[1]: *** [test/xmlsample/CMakeFiles/xmlsample.dir/all] Error 2
make: *** [all] Error 2
anisbenyoub@eduroinsa176:~/Documents/Cours/GL/GL-XML/build$ make[A
> 
anisbenyoub@eduroinsa176:~/Documents/Cours/GL/GL-XML/build$ make
[ 14%] Building CXX object test/xmlsample/CMakeFiles/xmlsample.dir/__/__/src/xml/documentxml.cpp.o
In file included from /Users/anisbenyoub/Documents/Cours/GL/GL-XML/src/xml/documentxml.cpp:1:
/Users/anisbenyoub/Documents/Cours/GL/GL-XML/src/xml/documentxml.h:11:2: error: no template named 'list'; did you mean 'std::list'?
        list<Element>* mStyleSheet;
        ^~~~
        std::list
/usr/include/c++/4.2.1/bits/stl_list.h:407:11: note: 'std::list' declared here
    class list : protected _List_base<_Tp, _Alloc>
          ^
In file included from /Users/anisbenyoub/Documents/Cours/GL/GL-XML/src/xml/documentxml.cpp:1:
/Users/anisbenyoub/Documents/Cours/GL/GL-XML/src/xml/documentxml.h:12:2: error: no template named 'list'; did you mean 'std::list'?
        list<XMLAttribute>* mAttributes;
        ^~~~
        std::list
/usr/include/c++/4.2.1/bits/stl_list.h:407:11: note: 'std::list' declared here
    class list : protected _List_base<_Tp, _Alloc>
          ^
/Users/anisbenyoub/Documents/Cours/GL/GL-XML/src/xml/documentxml.cpp:4:14: error: qualified reference to 'DocumentXML' is a constructor name rather than a type wherever a
      constructor can be declared
DocumentXML::DocumentXML(string aName, string aName2, string aValue)
             ^
/Users/anisbenyoub/Documents/Cours/GL/GL-XML/src/xml/documentxml.cpp:4:33: error: expected ')'
DocumentXML::DocumentXML(string aName, string aName2, string aValue)
                                ^
/Users/anisbenyoub/Documents/Cours/GL/GL-XML/src/xml/documentxml.cpp:4:25: note: to match this '('
DocumentXML::DocumentXML(string aName, string aName2, string aValue)
                        ^
/Users/anisbenyoub/Documents/Cours/GL/GL-XML/src/xml/documentxml.cpp:4:26: error: no matching constructor for initialization of 'DocumentXML::DocumentXML'
DocumentXML::DocumentXML(string aName, string aName2, string aValue)
                         ^
/Users/anisbenyoub/Documents/Cours/GL/GL-XML/src/xml/documentxml.h:19:2: note: candidate constructor not viable: requires 3 arguments, but 0 were provided
        DocumentXML(std::string aname, std::string aname2, std::string avalue);
        ^
/Users/anisbenyoub/Documents/Cours/GL/GL-XML/src/xml/documentxml.h:9:7: note: candidate constructor (the implicit copy constructor) not viable: requires 1 argument, but 0 were
      provided
class DocumentXML {
      ^
/Users/anisbenyoub/Documents/Cours/GL/GL-XML/src/xml/documentxml.cpp:4:69: error: expected ';' after top level declarator
DocumentXML::DocumentXML(string aName, string aName2, string aValue)
                                                                    ^
                                                                    ;
6 errors generated.
make[2]: *** [test/xmlsample/CMakeFiles/xmlsample.dir/__/__/src/xml/documentxml.cpp.o] Error 1
make[1]: *** [test/xmlsample/CMakeFiles/xmlsample.dir/all] Error 2
make: *** [all] Error 2
anisbenyoub@eduroinsa176:~/Documents/Cours/GL/GL-XML/build$ make
[ 14%] Building CXX object test/xmlsample/CMakeFiles/xmlsample.dir/__/__/src/xml/documentxml.cpp.o
In file included from /Users/anisbenyoub/Documents/Cours/GL/GL-XML/src/xml/documentxml.cpp:1:
/Users/anisbenyoub/Documents/Cours/GL/GL-XML/src/xml/documentxml.h:11:2: error: no template named 'list'; did you mean 'std::list'?
        list<Element>* mStyleSheet;
        ^~~~
        std::list
/usr/include/c++/4.2.1/bits/stl_list.h:407:11: note: 'std::list' declared here
    class list : protected _List_base<_Tp, _Alloc>
          ^
In file included from /Users/anisbenyoub/Documents/Cours/GL/GL-XML/src/xml/documentxml.cpp:1:
/Users/anisbenyoub/Documents/Cours/GL/GL-XML/src/xml/documentxml.h:12:2: error: no template named 'list'; did you mean 'std::list'?
        list<XMLAttribute>* mAttributes;
        ^~~~
        std::list
/usr/include/c++/4.2.1/bits/stl_list.h:407:11: note: 'std::list' declared here
    class list : protected _List_base<_Tp, _Alloc>
          ^
/Users/anisbenyoub/Documents/Cours/GL/GL-XML/src/xml/documentxml.cpp:4:14: error: qualified reference to 'DocumentXML' is a constructor name rather than a type wherever a
      constructor can be declared
DocumentXML::DocumentXML(string aName, string aName2, string aValue)
             ^
/Users/anisbenyoub/Documents/Cours/GL/GL-XML/src/xml/documentxml.cpp:4:33: error: expected ')'
DocumentXML::DocumentXML(string aName, string aName2, string aValue)
                                ^
/Users/anisbenyoub/Documents/Cours/GL/GL-XML/src/xml/documentxml.cpp:4:25: note: to match this '('
DocumentXML::DocumentXML(string aName, string aName2, string aValue)
                        ^
/Users/anisbenyoub/Documents/Cours/GL/GL-XML/src/xml/documentxml.cpp:4:26: error: no matching constructor for initialization of 'DocumentXML::DocumentXML'
DocumentXML::DocumentXML(string aName, string aName2, string aValue)
                         ^
/Users/anisbenyoub/Documents/Cours/GL/GL-XML/src/xml/documentxml.h:19:2: note: candidate constructor not viable: requires 3 arguments, but 0 were provided
        DocumentXML(std::string aname, std::string aname2, std::string avalue);
        ^
/Users/anisbenyoub/Documents/Cours/GL/GL-XML/src/xml/documentxml.h:9:7: note: candidate constructor (the implicit copy constructor) not viable: requires 1 argument, but 0 were
      provided
class DocumentXML {
      ^
/Users/anisbenyoub/Documents/Cours/GL/GL-XML/src/xml/documentxml.cpp:4:69: error: expected ';' after top level declarator
DocumentXML::DocumentXML(string aName, string aName2, string aValue)
                                                                    ^
                                                                    ;
6 errors generated.
make[2]: *** [test/xmlsample/CMakeFiles/xmlsample.dir/__/__/src/xml/documentxml.cpp.o] Error 1
make[1]: *** [test/xmlsample/CMakeFiles/xmlsample.dir/all] Error 2
make: *** [all] Error 2
anisbenyoub@eduroinsa176:~/Documents/Cours/GL/GL-XML/build$ 
